[2024-10-05T11:26:16.164-0400][gc,heap] Heap region size: 1M
[2024-10-05T11:26:16.166-0400][gc     ] Using G1
[2024-10-05T11:26:16.166-0400][gc,heap,coops] Heap address: 0x0000000780000000, size: 1024 MB, Compressed Oops mode: Zero based, Oop shift amount: 3
[2024-10-05T11:26:16.481-0400][gc,start     ] GC(0) Pause Young (Normal) (G1 Evacuation Pause)
[2024-10-05T11:26:16.481-0400][gc,task      ] GC(0) Using 9 workers of 9 for evacuation
[2024-10-05T11:26:16.484-0400][gc,phases    ] GC(0)   Pre Evacuate Collection Set: 0.0ms
[2024-10-05T11:26:16.484-0400][gc,phases    ] GC(0)   Evacuate Collection Set: 2.3ms
[2024-10-05T11:26:16.484-0400][gc,phases    ] GC(0)   Post Evacuate Collection Set: 0.2ms
[2024-10-05T11:26:16.484-0400][gc,phases    ] GC(0)   Other: 0.3ms
[2024-10-05T11:26:16.484-0400][gc,heap      ] GC(0) Eden regions: 51->0(44)
[2024-10-05T11:26:16.484-0400][gc,heap      ] GC(0) Survivor regions: 0->7(7)
[2024-10-05T11:26:16.484-0400][gc,heap      ] GC(0) Old regions: 0->1
[2024-10-05T11:26:16.484-0400][gc,heap      ] GC(0) Archive regions: 0->0
[2024-10-05T11:26:16.484-0400][gc,heap      ] GC(0) Humongous regions: 0->0
[2024-10-05T11:26:16.484-0400][gc,metaspace ] GC(0) Metaspace: 20438K(20992K)->20438K(20992K) NonClass: 18094K(18432K)->18094K(18432K) Class: 2343K(2560K)->2343K(2560K)
[2024-10-05T11:26:16.484-0400][gc           ] GC(0) Pause Young (Normal) (G1 Evacuation Pause) 51M->7M(1024M) 2.902ms
[2024-10-05T11:26:16.484-0400][gc,cpu       ] GC(0) User=0.01s Sys=0.00s Real=0.00s
[2024-10-05T11:26:16.488-0400][gc,start     ] GC(1) Pause Young (Concurrent Start) (Metadata GC Threshold)
[2024-10-05T11:26:16.488-0400][gc,task      ] GC(1) Using 9 workers of 9 for evacuation
[2024-10-05T11:26:16.491-0400][gc,phases    ] GC(1)   Pre Evacuate Collection Set: 0.0ms
[2024-10-05T11:26:16.491-0400][gc,phases    ] GC(1)   Evacuate Collection Set: 2.1ms
[2024-10-05T11:26:16.491-0400][gc,phases    ] GC(1)   Post Evacuate Collection Set: 0.1ms
[2024-10-05T11:26:16.491-0400][gc,phases    ] GC(1)   Other: 0.1ms
[2024-10-05T11:26:16.491-0400][gc,heap      ] GC(1) Eden regions: 2->0(50)
[2024-10-05T11:26:16.491-0400][gc,heap      ] GC(1) Survivor regions: 7->1(7)
[2024-10-05T11:26:16.491-0400][gc,heap      ] GC(1) Old regions: 1->8
[2024-10-05T11:26:16.491-0400][gc,heap      ] GC(1) Archive regions: 0->0
[2024-10-05T11:26:16.491-0400][gc,heap      ] GC(1) Humongous regions: 0->0
[2024-10-05T11:26:16.491-0400][gc,metaspace ] GC(1) Metaspace: 20658K(21248K)->20658K(21248K) NonClass: 18291K(18688K)->18291K(18688K) Class: 2367K(2560K)->2367K(2560K)
[2024-10-05T11:26:16.491-0400][gc           ] GC(1) Pause Young (Concurrent Start) (Metadata GC Threshold) 9M->8M(1024M) 2.315ms
[2024-10-05T11:26:16.491-0400][gc,cpu       ] GC(1) User=0.02s Sys=0.01s Real=0.01s
[2024-10-05T11:26:16.491-0400][gc           ] GC(2) Concurrent Cycle
[2024-10-05T11:26:16.491-0400][gc,marking   ] GC(2) Concurrent Clear Claimed Marks
[2024-10-05T11:26:16.491-0400][gc,marking   ] GC(2) Concurrent Clear Claimed Marks 0.009ms
[2024-10-05T11:26:16.491-0400][gc,marking   ] GC(2) Concurrent Scan Root Regions
[2024-10-05T11:26:16.491-0400][gc,marking   ] GC(2) Concurrent Scan Root Regions 0.041ms
[2024-10-05T11:26:16.491-0400][gc,marking   ] GC(2) Concurrent Mark (0.330s)
[2024-10-05T11:26:16.491-0400][gc,marking   ] GC(2) Concurrent Mark From Roots
[2024-10-05T11:26:16.491-0400][gc,task      ] GC(2) Using 2 workers of 2 for marking
[2024-10-05T11:26:16.492-0400][gc,marking   ] GC(2) Concurrent Mark From Roots 1.635ms
[2024-10-05T11:26:16.492-0400][gc,marking   ] GC(2) Concurrent Preclean
[2024-10-05T11:26:16.492-0400][gc,marking   ] GC(2) Concurrent Preclean 0.021ms
[2024-10-05T11:26:16.492-0400][gc,marking   ] GC(2) Concurrent Mark (0.330s, 0.331s) 1.677ms
[2024-10-05T11:26:16.493-0400][gc,start     ] GC(2) Pause Remark
[2024-10-05T11:26:16.493-0400][gc,stringtable] GC(2) Cleaned string and symbol table, strings: 7750 processed, 0 removed, symbols: 68290 processed, 42 removed
[2024-10-05T11:26:16.493-0400][gc            ] GC(2) Pause Remark 8M->8M(1024M) 0.803ms
[2024-10-05T11:26:16.493-0400][gc,cpu        ] GC(2) User=0.01s Sys=0.00s Real=0.00s
[2024-10-05T11:26:16.493-0400][gc,marking    ] GC(2) Concurrent Rebuild Remembered Sets
[2024-10-05T11:26:16.495-0400][gc,marking    ] GC(2) Concurrent Rebuild Remembered Sets 1.298ms
[2024-10-05T11:26:16.495-0400][gc,start      ] GC(2) Pause Cleanup
[2024-10-05T11:26:16.495-0400][gc            ] GC(2) Pause Cleanup 9M->9M(1024M) 0.069ms
[2024-10-05T11:26:16.495-0400][gc,cpu        ] GC(2) User=0.00s Sys=0.00s Real=0.00s
[2024-10-05T11:26:16.495-0400][gc,marking    ] GC(2) Concurrent Cleanup for Next Mark
[2024-10-05T11:26:16.496-0400][gc,marking    ] GC(2) Concurrent Cleanup for Next Mark 0.912ms
[2024-10-05T11:26:16.496-0400][gc            ] GC(2) Concurrent Cycle 5.016ms
[2024-10-05T11:26:16.743-0400][gc,start      ] GC(3) Pause Young (Normal) (G1 Evacuation Pause)
[2024-10-05T11:26:16.743-0400][gc,task       ] GC(3) Using 9 workers of 9 for evacuation
[2024-10-05T11:26:16.744-0400][gc,phases     ] GC(3)   Pre Evacuate Collection Set: 0.0ms
[2024-10-05T11:26:16.744-0400][gc,phases     ] GC(3)   Evacuate Collection Set: 1.0ms
[2024-10-05T11:26:16.744-0400][gc,phases     ] GC(3)   Post Evacuate Collection Set: 0.1ms
[2024-10-05T11:26:16.744-0400][gc,phases     ] GC(3)   Other: 0.1ms
[2024-10-05T11:26:16.744-0400][gc,heap       ] GC(3) Eden regions: 50->0(49)
[2024-10-05T11:26:16.744-0400][gc,heap       ] GC(3) Survivor regions: 1->2(7)
[2024-10-05T11:26:16.744-0400][gc,heap       ] GC(3) Old regions: 8->8
[2024-10-05T11:26:16.744-0400][gc,heap       ] GC(3) Archive regions: 0->0
[2024-10-05T11:26:16.744-0400][gc,heap       ] GC(3) Humongous regions: 129->129
[2024-10-05T11:26:16.744-0400][gc,metaspace  ] GC(3) Metaspace: 29503K(30592K)->29503K(30592K) NonClass: 25984K(26624K)->25984K(26624K) Class: 3518K(3968K)->3518K(3968K)
[2024-10-05T11:26:16.744-0400][gc            ] GC(3) Pause Young (Normal) (G1 Evacuation Pause) 187M->138M(1024M) 1.286ms
[2024-10-05T11:26:16.744-0400][gc,cpu        ] GC(3) User=0.01s Sys=0.00s Real=0.00s
[2024-10-05T11:26:16.818-0400][gc,start      ] GC(4) Pause Young (Concurrent Start) (Metadata GC Threshold)
[2024-10-05T11:26:16.818-0400][gc,task       ] GC(4) Using 9 workers of 9 for evacuation
[2024-10-05T11:26:16.819-0400][gc,phases     ] GC(4)   Pre Evacuate Collection Set: 0.0ms
[2024-10-05T11:26:16.819-0400][gc,phases     ] GC(4)   Evacuate Collection Set: 1.2ms
[2024-10-05T11:26:16.819-0400][gc,phases     ] GC(4)   Post Evacuate Collection Set: 0.1ms
[2024-10-05T11:26:16.819-0400][gc,phases     ] GC(4)   Other: 0.1ms
[2024-10-05T11:26:16.819-0400][gc,heap       ] GC(4) Eden regions: 29->0(48)
[2024-10-05T11:26:16.819-0400][gc,heap       ] GC(4) Survivor regions: 2->3(7)
[2024-10-05T11:26:16.819-0400][gc,heap       ] GC(4) Old regions: 8->8
[2024-10-05T11:26:16.819-0400][gc,heap       ] GC(4) Archive regions: 0->0
[2024-10-05T11:26:16.819-0400][gc,heap       ] GC(4) Humongous regions: 129->129
[2024-10-05T11:26:16.819-0400][gc,metaspace  ] GC(4) Metaspace: 34742K(35632K)->34742K(35632K) NonClass: 30821K(31280K)->30821K(31280K) Class: 3920K(4352K)->3920K(4352K)
[2024-10-05T11:26:16.819-0400][gc            ] GC(4) Pause Young (Concurrent Start) (Metadata GC Threshold) 167M->139M(1024M) 1.448ms
[2024-10-05T11:26:16.819-0400][gc,cpu        ] GC(4) User=0.01s Sys=0.00s Real=0.00s
[2024-10-05T11:26:16.819-0400][gc            ] GC(5) Concurrent Cycle
[2024-10-05T11:26:16.819-0400][gc,marking    ] GC(5) Concurrent Clear Claimed Marks
[2024-10-05T11:26:16.819-0400][gc,marking    ] GC(5) Concurrent Clear Claimed Marks 0.014ms
[2024-10-05T11:26:16.819-0400][gc,marking    ] GC(5) Concurrent Scan Root Regions
[2024-10-05T11:26:16.820-0400][gc,marking    ] GC(5) Concurrent Scan Root Regions 0.589ms
[2024-10-05T11:26:16.820-0400][gc,marking    ] GC(5) Concurrent Mark (0.659s)
[2024-10-05T11:26:16.820-0400][gc,marking    ] GC(5) Concurrent Mark From Roots
[2024-10-05T11:26:16.820-0400][gc,task       ] GC(5) Using 2 workers of 2 for marking
[2024-10-05T11:26:16.822-0400][gc,marking    ] GC(5) Concurrent Mark From Roots 1.772ms
[2024-10-05T11:26:16.822-0400][gc,marking    ] GC(5) Concurrent Preclean
[2024-10-05T11:26:16.822-0400][gc,marking    ] GC(5) Concurrent Preclean 0.022ms
[2024-10-05T11:26:16.822-0400][gc,marking    ] GC(5) Concurrent Mark (0.659s, 0.661s) 1.821ms
[2024-10-05T11:26:16.822-0400][gc,start      ] GC(5) Pause Remark
[2024-10-05T11:26:16.823-0400][gc,stringtable] GC(5) Cleaned string and symbol table, strings: 11615 processed, 9 removed, symbols: 101699 processed, 18 removed
[2024-10-05T11:26:16.823-0400][gc            ] GC(5) Pause Remark 140M->140M(1024M) 0.757ms
[2024-10-05T11:26:16.823-0400][gc,cpu        ] GC(5) User=0.00s Sys=0.00s Real=0.00s
[2024-10-05T11:26:16.823-0400][gc,marking    ] GC(5) Concurrent Rebuild Remembered Sets
[2024-10-05T11:26:16.824-0400][gc,marking    ] GC(5) Concurrent Rebuild Remembered Sets 1.261ms
[2024-10-05T11:26:16.824-0400][gc,start      ] GC(5) Pause Cleanup
[2024-10-05T11:26:16.824-0400][gc            ] GC(5) Pause Cleanup 141M->141M(1024M) 0.057ms
[2024-10-05T11:26:16.824-0400][gc,cpu        ] GC(5) User=0.00s Sys=0.00s Real=0.00s
[2024-10-05T11:26:16.824-0400][gc,marking    ] GC(5) Concurrent Cleanup for Next Mark
[2024-10-05T11:26:16.825-0400][gc,marking    ] GC(5) Concurrent Cleanup for Next Mark 0.918ms
[2024-10-05T11:26:16.825-0400][gc            ] GC(5) Concurrent Cycle 5.662ms
[2024-10-05T11:26:16.972-0400][gc,start      ] GC(6) Pause Young (Normal) (G1 Evacuation Pause)
[2024-10-05T11:26:16.972-0400][gc,task       ] GC(6) Using 9 workers of 9 for evacuation
[2024-10-05T11:26:16.974-0400][gc,phases     ] GC(6)   Pre Evacuate Collection Set: 0.0ms
[2024-10-05T11:26:16.974-0400][gc,phases     ] GC(6)   Evacuate Collection Set: 1.5ms
[2024-10-05T11:26:16.974-0400][gc,phases     ] GC(6)   Post Evacuate Collection Set: 0.1ms
[2024-10-05T11:26:16.974-0400][gc,phases     ] GC(6)   Other: 0.1ms
[2024-10-05T11:26:16.974-0400][gc,heap       ] GC(6) Eden regions: 48->0(44)
[2024-10-05T11:26:16.974-0400][gc,heap       ] GC(6) Survivor regions: 3->7(7)
[2024-10-05T11:26:16.974-0400][gc,heap       ] GC(6) Old regions: 8->8
[2024-10-05T11:26:16.974-0400][gc,heap       ] GC(6) Archive regions: 0->0
[2024-10-05T11:26:16.974-0400][gc,heap       ] GC(6) Humongous regions: 129->129
[2024-10-05T11:26:16.974-0400][gc,metaspace  ] GC(6) Metaspace: 41966K(43392K)->41966K(43392K) NonClass: 37158K(37888K)->37158K(37888K) Class: 4808K(5504K)->4808K(5504K)
[2024-10-05T11:26:16.974-0400][gc            ] GC(6) Pause Young (Normal) (G1 Evacuation Pause) 187M->143M(1024M) 1.723ms
[2024-10-05T11:26:16.974-0400][gc,cpu        ] GC(6) User=0.02s Sys=0.00s Real=0.00s
[2024-10-05T11:48:02.348-0400][gc,start      ] GC(7) Pause Young (Normal) (G1 Evacuation Pause)
[2024-10-05T11:48:02.349-0400][gc,task       ] GC(7) Using 9 workers of 9 for evacuation
[2024-10-05T11:48:02.375-0400][gc,mmu        ] GC(7) MMU target violated: 21.0ms (20.0ms/21.0ms)
[2024-10-05T11:48:02.375-0400][gc,phases     ] GC(7)   Pre Evacuate Collection Set: 0.4ms
[2024-10-05T11:48:02.375-0400][gc,phases     ] GC(7)   Evacuate Collection Set: 24.1ms
[2024-10-05T11:48:02.375-0400][gc,phases     ] GC(7)   Post Evacuate Collection Set: 1.0ms
[2024-10-05T11:48:02.375-0400][gc,phases     ] GC(7)   Other: 1.0ms
[2024-10-05T11:48:02.375-0400][gc,heap       ] GC(7) Eden regions: 44->0(49)
[2024-10-05T11:48:02.375-0400][gc,heap       ] GC(7) Survivor regions: 7->2(7)
[2024-10-05T11:48:02.375-0400][gc,heap       ] GC(7) Old regions: 8->15
[2024-10-05T11:48:02.375-0400][gc,heap       ] GC(7) Archive regions: 0->0
[2024-10-05T11:48:02.375-0400][gc,heap       ] GC(7) Humongous regions: 129->129
[2024-10-05T11:48:02.375-0400][gc,metaspace  ] GC(7) Metaspace: 47149K(49536K)->47149K(49536K) NonClass: 41256K(42496K)->41256K(42496K) Class: 5892K(7040K)->5892K(7040K)
[2024-10-05T11:48:02.375-0400][gc            ] GC(7) Pause Young (Normal) (G1 Evacuation Pause) 187M->144M(1024M) 26.706ms
[2024-10-05T11:48:02.375-0400][gc,cpu        ] GC(7) User=0.04s Sys=0.08s Real=0.03s
[2024-10-05T12:07:06.868-0400][gc,start      ] GC(8) Pause Young (Normal) (G1 Evacuation Pause)
[2024-10-05T12:07:06.868-0400][gc,task       ] GC(8) Using 9 workers of 9 for evacuation
[2024-10-05T12:07:06.877-0400][gc,phases     ] GC(8)   Pre Evacuate Collection Set: 0.2ms
[2024-10-05T12:07:06.877-0400][gc,phases     ] GC(8)   Evacuate Collection Set: 7.1ms
[2024-10-05T12:07:06.877-0400][gc,phases     ] GC(8)   Post Evacuate Collection Set: 1.4ms
[2024-10-05T12:07:06.877-0400][gc,phases     ] GC(8)   Other: 0.6ms
[2024-10-05T12:07:06.877-0400][gc,heap       ] GC(8) Eden regions: 49->0(47)
[2024-10-05T12:07:06.877-0400][gc,heap       ] GC(8) Survivor regions: 2->4(7)
[2024-10-05T12:07:06.877-0400][gc,heap       ] GC(8) Old regions: 15->15
[2024-10-05T12:07:06.877-0400][gc,heap       ] GC(8) Archive regions: 0->0
[2024-10-05T12:07:06.877-0400][gc,heap       ] GC(8) Humongous regions: 129->129
[2024-10-05T12:07:06.877-0400][gc,metaspace  ] GC(8) Metaspace: 50308K(53120K)->50308K(53120K) NonClass: 43860K(45312K)->43860K(45312K) Class: 6448K(7808K)->6448K(7808K)
[2024-10-05T12:07:06.877-0400][gc            ] GC(8) Pause Young (Normal) (G1 Evacuation Pause) 193M->146M(1024M) 9.630ms
[2024-10-05T12:07:06.878-0400][gc,cpu        ] GC(8) User=0.03s Sys=0.01s Real=0.01s
[2024-10-05T12:17:44.477-0400][gc,start      ] GC(9) Pause Young (Normal) (G1 Evacuation Pause)
[2024-10-05T12:17:44.477-0400][gc,task       ] GC(9) Using 9 workers of 9 for evacuation
[2024-10-05T12:17:44.489-0400][gc,phases     ] GC(9)   Pre Evacuate Collection Set: 0.2ms
[2024-10-05T12:17:44.489-0400][gc,phases     ] GC(9)   Evacuate Collection Set: 10.3ms
[2024-10-05T12:17:44.489-0400][gc,phases     ] GC(9)   Post Evacuate Collection Set: 0.9ms
[2024-10-05T12:17:44.489-0400][gc,phases     ] GC(9)   Other: 0.7ms
[2024-10-05T12:17:44.489-0400][gc,heap       ] GC(9) Eden regions: 47->0(46)
[2024-10-05T12:17:44.489-0400][gc,heap       ] GC(9) Survivor regions: 4->5(7)
[2024-10-05T12:17:44.489-0400][gc,heap       ] GC(9) Old regions: 15->15
[2024-10-05T12:17:44.489-0400][gc,heap       ] GC(9) Archive regions: 0->0
[2024-10-05T12:17:44.489-0400][gc,heap       ] GC(9) Humongous regions: 129->129
[2024-10-05T12:17:44.489-0400][gc,metaspace  ] GC(9) Metaspace: 51183K(54272K)->51183K(54272K) NonClass: 44709K(46336K)->44709K(46336K) Class: 6473K(7936K)->6473K(7936K)
[2024-10-05T12:17:44.489-0400][gc            ] GC(9) Pause Young (Normal) (G1 Evacuation Pause) 193M->148M(1024M) 12.331ms
[2024-10-05T12:17:44.489-0400][gc,cpu        ] GC(9) User=0.04s Sys=0.02s Real=0.01s
[2024-10-05T12:29:31.409-0400][gc,start      ] GC(10) Pause Young (Normal) (G1 Evacuation Pause)
[2024-10-05T12:29:31.409-0400][gc,task       ] GC(10) Using 9 workers of 9 for evacuation
[2024-10-05T12:29:31.421-0400][gc,phases     ] GC(10)   Pre Evacuate Collection Set: 0.4ms
[2024-10-05T12:29:31.421-0400][gc,phases     ] GC(10)   Evacuate Collection Set: 10.5ms
[2024-10-05T12:29:31.421-0400][gc,phases     ] GC(10)   Post Evacuate Collection Set: 0.6ms
[2024-10-05T12:29:31.421-0400][gc,phases     ] GC(10)   Other: 0.8ms
[2024-10-05T12:29:31.421-0400][gc,heap       ] GC(10) Eden regions: 46->0(47)
[2024-10-05T12:29:31.421-0400][gc,heap       ] GC(10) Survivor regions: 5->4(7)
[2024-10-05T12:29:31.421-0400][gc,heap       ] GC(10) Old regions: 15->18
[2024-10-05T12:29:31.421-0400][gc,heap       ] GC(10) Archive regions: 0->0
[2024-10-05T12:29:31.421-0400][gc,heap       ] GC(10) Humongous regions: 129->129
[2024-10-05T12:29:31.421-0400][gc,metaspace  ] GC(10) Metaspace: 51300K(54272K)->51300K(54272K) NonClass: 44821K(46336K)->44821K(46336K) Class: 6479K(7936K)->6479K(7936K)
[2024-10-05T12:29:31.421-0400][gc            ] GC(10) Pause Young (Normal) (G1 Evacuation Pause) 194M->150M(1024M) 12.437ms
[2024-10-05T12:29:31.421-0400][gc,cpu        ] GC(10) User=0.04s Sys=0.02s Real=0.02s
[2024-10-05T12:32:50.495-0400][gc,heap,exit  ] Heap
[2024-10-05T12:32:50.495-0400][gc,heap,exit  ]  garbage-first heap   total 1048576K, used 176143K [0x0000000780000000, 0x00000007c0000000)
[2024-10-05T12:32:50.495-0400][gc,heap,exit  ]   region size 1024K, 28 young (28672K), 4 survivors (4096K)
[2024-10-05T12:32:50.495-0400][gc,heap,exit  ]  Metaspace       used 52375K, capacity 55287K, committed 55552K, reserved 1097728K
[2024-10-05T12:32:50.495-0400][gc,heap,exit  ]   class space    used 6736K, capacity 8182K, committed 8192K, reserved 1048576K
