[2024-10-05T10:41:57.487-0400][gc,heap] Heap region size: 1M
[2024-10-05T10:41:57.488-0400][gc     ] Using G1
[2024-10-05T10:41:57.488-0400][gc,heap,coops] Heap address: 0x00000007a0000000, size: 512 MB, Compressed Oops mode: Zero based, Oop shift amount: 3
[2024-10-05T10:41:57.785-0400][gc,start     ] GC(0) Pause Young (Normal) (G1 Evacuation Pause)
[2024-10-05T10:41:57.786-0400][gc,task      ] GC(0) Using 9 workers of 9 for evacuation
[2024-10-05T10:41:57.789-0400][gc,phases    ] GC(0)   Pre Evacuate Collection Set: 0.0ms
[2024-10-05T10:41:57.789-0400][gc,phases    ] GC(0)   Evacuate Collection Set: 3.2ms
[2024-10-05T10:41:57.789-0400][gc,phases    ] GC(0)   Post Evacuate Collection Set: 0.2ms
[2024-10-05T10:41:57.789-0400][gc,phases    ] GC(0)   Other: 0.5ms
[2024-10-05T10:41:57.789-0400][gc,heap      ] GC(0) Eden regions: 25->0(21)
[2024-10-05T10:41:57.789-0400][gc,heap      ] GC(0) Survivor regions: 0->4(4)
[2024-10-05T10:41:57.789-0400][gc,heap      ] GC(0) Old regions: 0->5
[2024-10-05T10:41:57.789-0400][gc,heap      ] GC(0) Archive regions: 0->0
[2024-10-05T10:41:57.789-0400][gc,heap      ] GC(0) Humongous regions: 0->0
[2024-10-05T10:41:57.789-0400][gc,metaspace ] GC(0) Metaspace: 14178K(14720K)->14178K(14720K) NonClass: 12742K(13056K)->12742K(13056K) Class: 1436K(1664K)->1436K(1664K)
[2024-10-05T10:41:57.789-0400][gc           ] GC(0) Pause Young (Normal) (G1 Evacuation Pause) 25M->8M(512M) 3.735ms
[2024-10-05T10:41:57.789-0400][gc,cpu       ] GC(0) User=0.02s Sys=0.00s Real=0.00s
