[2024-10-05T12:40:20.573-0400][gc,heap] Heap region size: 1M
[2024-10-05T12:40:20.575-0400][gc     ] Using G1
[2024-10-05T12:40:20.575-0400][gc,heap,coops] Heap address: 0x0000000780000000, size: 1024 MB, Compressed Oops mode: Zero based, Oop shift amount: 3
[2024-10-05T12:40:20.914-0400][gc,start     ] GC(0) Pause Young (Normal) (G1 Evacuation Pause)
[2024-10-05T12:40:20.914-0400][gc,task      ] GC(0) Using 9 workers of 9 for evacuation
[2024-10-05T12:40:20.918-0400][gc,phases    ] GC(0)   Pre Evacuate Collection Set: 0.0ms
[2024-10-05T12:40:20.918-0400][gc,phases    ] GC(0)   Evacuate Collection Set: 3.1ms
[2024-10-05T12:40:20.918-0400][gc,phases    ] GC(0)   Post Evacuate Collection Set: 0.2ms
[2024-10-05T12:40:20.918-0400][gc,phases    ] GC(0)   Other: 0.2ms
[2024-10-05T12:40:20.918-0400][gc,heap      ] GC(0) Eden regions: 51->0(44)
[2024-10-05T12:40:20.918-0400][gc,heap      ] GC(0) Survivor regions: 0->7(7)
[2024-10-05T12:40:20.918-0400][gc,heap      ] GC(0) Old regions: 0->1
[2024-10-05T12:40:20.918-0400][gc,heap      ] GC(0) Archive regions: 0->0
[2024-10-05T12:40:20.918-0400][gc,heap      ] GC(0) Humongous regions: 0->0
[2024-10-05T12:40:20.918-0400][gc,metaspace ] GC(0) Metaspace: 20497K(20992K)->20497K(20992K) NonClass: 18150K(18432K)->18150K(18432K) Class: 2347K(2560K)->2347K(2560K)
[2024-10-05T12:40:20.918-0400][gc           ] GC(0) Pause Young (Normal) (G1 Evacuation Pause) 51M->7M(1024M) 3.548ms
[2024-10-05T12:40:20.918-0400][gc,cpu       ] GC(0) User=0.02s Sys=0.00s Real=0.00s
[2024-10-05T12:40:20.923-0400][gc,start     ] GC(1) Pause Young (Concurrent Start) (Metadata GC Threshold)
[2024-10-05T12:40:20.923-0400][gc,task      ] GC(1) Using 9 workers of 9 for evacuation
[2024-10-05T12:40:20.925-0400][gc,phases    ] GC(1)   Pre Evacuate Collection Set: 0.0ms
[2024-10-05T12:40:20.925-0400][gc,phases    ] GC(1)   Evacuate Collection Set: 1.7ms
[2024-10-05T12:40:20.925-0400][gc,phases    ] GC(1)   Post Evacuate Collection Set: 0.1ms
[2024-10-05T12:40:20.925-0400][gc,phases    ] GC(1)   Other: 0.1ms
[2024-10-05T12:40:20.925-0400][gc,heap      ] GC(1) Eden regions: 2->0(50)
[2024-10-05T12:40:20.925-0400][gc,heap      ] GC(1) Survivor regions: 7->1(7)
[2024-10-05T12:40:20.925-0400][gc,heap      ] GC(1) Old regions: 1->8
[2024-10-05T12:40:20.925-0400][gc,heap      ] GC(1) Archive regions: 0->0
[2024-10-05T12:40:20.925-0400][gc,heap      ] GC(1) Humongous regions: 0->0
[2024-10-05T12:40:20.925-0400][gc,metaspace ] GC(1) Metaspace: 20647K(21248K)->20647K(21248K) NonClass: 18280K(18688K)->18280K(18688K) Class: 2366K(2560K)->2366K(2560K)
[2024-10-05T12:40:20.925-0400][gc           ] GC(1) Pause Young (Concurrent Start) (Metadata GC Threshold) 9M->8M(1024M) 1.862ms
[2024-10-05T12:40:20.925-0400][gc,cpu       ] GC(1) User=0.01s Sys=0.00s Real=0.00s
[2024-10-05T12:40:20.925-0400][gc           ] GC(2) Concurrent Cycle
[2024-10-05T12:40:20.925-0400][gc,marking   ] GC(2) Concurrent Clear Claimed Marks
[2024-10-05T12:40:20.925-0400][gc,marking   ] GC(2) Concurrent Clear Claimed Marks 0.009ms
[2024-10-05T12:40:20.925-0400][gc,marking   ] GC(2) Concurrent Scan Root Regions
[2024-10-05T12:40:20.925-0400][gc,marking   ] GC(2) Concurrent Scan Root Regions 0.035ms
[2024-10-05T12:40:20.925-0400][gc,marking   ] GC(2) Concurrent Mark (0.355s)
[2024-10-05T12:40:20.925-0400][gc,marking   ] GC(2) Concurrent Mark From Roots
[2024-10-05T12:40:20.925-0400][gc,task      ] GC(2) Using 2 workers of 2 for marking
[2024-10-05T12:40:20.926-0400][gc,marking   ] GC(2) Concurrent Mark From Roots 1.597ms
[2024-10-05T12:40:20.926-0400][gc,marking   ] GC(2) Concurrent Preclean
[2024-10-05T12:40:20.926-0400][gc,marking   ] GC(2) Concurrent Preclean 0.021ms
[2024-10-05T12:40:20.926-0400][gc,marking   ] GC(2) Concurrent Mark (0.355s, 0.356s) 1.634ms
[2024-10-05T12:40:20.926-0400][gc,start     ] GC(2) Pause Remark
[2024-10-05T12:40:20.927-0400][gc,stringtable] GC(2) Cleaned string and symbol table, strings: 7752 processed, 0 removed, symbols: 68294 processed, 43 removed
[2024-10-05T12:40:20.927-0400][gc            ] GC(2) Pause Remark 8M->8M(1024M) 0.692ms
[2024-10-05T12:40:20.927-0400][gc,cpu        ] GC(2) User=0.01s Sys=0.00s Real=0.00s
[2024-10-05T12:40:20.927-0400][gc,marking    ] GC(2) Concurrent Rebuild Remembered Sets
[2024-10-05T12:40:20.928-0400][gc,marking    ] GC(2) Concurrent Rebuild Remembered Sets 1.249ms
[2024-10-05T12:40:20.928-0400][gc,start      ] GC(2) Pause Cleanup
[2024-10-05T12:40:20.928-0400][gc            ] GC(2) Pause Cleanup 9M->9M(1024M) 0.065ms
[2024-10-05T12:40:20.928-0400][gc,cpu        ] GC(2) User=0.00s Sys=0.00s Real=0.00s
[2024-10-05T12:40:20.928-0400][gc,marking    ] GC(2) Concurrent Cleanup for Next Mark
[2024-10-05T12:40:20.929-0400][gc,marking    ] GC(2) Concurrent Cleanup for Next Mark 0.904ms
[2024-10-05T12:40:20.929-0400][gc            ] GC(2) Concurrent Cycle 4.807ms
[2024-10-05T12:40:21.198-0400][gc,start      ] GC(3) Pause Young (Normal) (G1 Evacuation Pause)
[2024-10-05T12:40:21.200-0400][gc,task       ] GC(3) Using 9 workers of 9 for evacuation
[2024-10-05T12:40:21.202-0400][gc,phases     ] GC(3)   Pre Evacuate Collection Set: 0.0ms
[2024-10-05T12:40:21.202-0400][gc,phases     ] GC(3)   Evacuate Collection Set: 1.2ms
[2024-10-05T12:40:21.202-0400][gc,phases     ] GC(3)   Post Evacuate Collection Set: 0.1ms
[2024-10-05T12:40:21.202-0400][gc,phases     ] GC(3)   Other: 2.7ms
[2024-10-05T12:40:21.202-0400][gc,heap       ] GC(3) Eden regions: 50->0(49)
[2024-10-05T12:40:21.202-0400][gc,heap       ] GC(3) Survivor regions: 1->2(7)
[2024-10-05T12:40:21.202-0400][gc,heap       ] GC(3) Old regions: 8->8
[2024-10-05T12:40:21.202-0400][gc,heap       ] GC(3) Archive regions: 0->0
[2024-10-05T12:40:21.202-0400][gc,heap       ] GC(3) Humongous regions: 0->0
[2024-10-05T12:40:21.202-0400][gc,metaspace  ] GC(3) Metaspace: 29429K(30336K)->29429K(30336K) NonClass: 25920K(26368K)->25920K(26368K) Class: 3509K(3968K)->3509K(3968K)
[2024-10-05T12:40:21.202-0400][gc            ] GC(3) Pause Young (Normal) (G1 Evacuation Pause) 58M->9M(1024M) 4.086ms
[2024-10-05T12:40:21.202-0400][gc,cpu        ] GC(3) User=0.01s Sys=0.00s Real=0.01s
[2024-10-05T12:40:21.452-0400][gc,start      ] GC(4) Pause Young (Concurrent Start) (Metadata GC Threshold)
[2024-10-05T12:40:21.452-0400][gc,task       ] GC(4) Using 9 workers of 9 for evacuation
[2024-10-05T12:40:21.453-0400][gc,phases     ] GC(4)   Pre Evacuate Collection Set: 0.0ms
[2024-10-05T12:40:21.453-0400][gc,phases     ] GC(4)   Evacuate Collection Set: 1.6ms
[2024-10-05T12:40:21.453-0400][gc,phases     ] GC(4)   Post Evacuate Collection Set: 0.1ms
[2024-10-05T12:40:21.453-0400][gc,phases     ] GC(4)   Other: 0.1ms
[2024-10-05T12:40:21.453-0400][gc,heap       ] GC(4) Eden regions: 36->0(47)
[2024-10-05T12:40:21.453-0400][gc,heap       ] GC(4) Survivor regions: 2->4(7)
[2024-10-05T12:40:21.453-0400][gc,heap       ] GC(4) Old regions: 8->8
[2024-10-05T12:40:21.453-0400][gc,heap       ] GC(4) Archive regions: 0->0
[2024-10-05T12:40:21.453-0400][gc,heap       ] GC(4) Humongous regions: 129->129
[2024-10-05T12:40:21.453-0400][gc,metaspace  ] GC(4) Metaspace: 34670K(35584K)->34670K(35584K) NonClass: 30727K(31232K)->30727K(31232K) Class: 3942K(4352K)->3942K(4352K)
[2024-10-05T12:40:21.453-0400][gc            ] GC(4) Pause Young (Concurrent Start) (Metadata GC Threshold) 174M->140M(1024M) 1.820ms
[2024-10-05T12:40:21.453-0400][gc,cpu        ] GC(4) User=0.02s Sys=0.00s Real=0.00s
[2024-10-05T12:40:21.453-0400][gc            ] GC(5) Concurrent Cycle
[2024-10-05T12:40:21.453-0400][gc,marking    ] GC(5) Concurrent Clear Claimed Marks
[2024-10-05T12:40:21.453-0400][gc,marking    ] GC(5) Concurrent Clear Claimed Marks 0.015ms
[2024-10-05T12:40:21.453-0400][gc,marking    ] GC(5) Concurrent Scan Root Regions
[2024-10-05T12:40:21.454-0400][gc,marking    ] GC(5) Concurrent Scan Root Regions 0.640ms
[2024-10-05T12:40:21.454-0400][gc,marking    ] GC(5) Concurrent Mark (0.884s)
[2024-10-05T12:40:21.454-0400][gc,marking    ] GC(5) Concurrent Mark From Roots
[2024-10-05T12:40:21.454-0400][gc,task       ] GC(5) Using 2 workers of 2 for marking
[2024-10-05T12:40:21.456-0400][gc,marking    ] GC(5) Concurrent Mark From Roots 1.786ms
[2024-10-05T12:40:21.456-0400][gc,marking    ] GC(5) Concurrent Preclean
[2024-10-05T12:40:21.456-0400][gc,marking    ] GC(5) Concurrent Preclean 0.026ms
[2024-10-05T12:40:21.456-0400][gc,marking    ] GC(5) Concurrent Mark (0.884s, 0.886s) 1.826ms
[2024-10-05T12:40:21.456-0400][gc,start      ] GC(5) Pause Remark
[2024-10-05T12:40:21.457-0400][gc,stringtable] GC(5) Cleaned string and symbol table, strings: 11482 processed, 10 removed, symbols: 101786 processed, 18 removed
[2024-10-05T12:40:21.457-0400][gc            ] GC(5) Pause Remark 141M->141M(1024M) 0.760ms
[2024-10-05T12:40:21.457-0400][gc,cpu        ] GC(5) User=0.01s Sys=0.00s Real=0.00s
[2024-10-05T12:40:21.457-0400][gc,marking    ] GC(5) Concurrent Rebuild Remembered Sets
[2024-10-05T12:40:21.458-0400][gc,marking    ] GC(5) Concurrent Rebuild Remembered Sets 1.218ms
[2024-10-05T12:40:21.458-0400][gc,start      ] GC(5) Pause Cleanup
[2024-10-05T12:40:21.458-0400][gc            ] GC(5) Pause Cleanup 142M->142M(1024M) 0.051ms
[2024-10-05T12:40:21.458-0400][gc,cpu        ] GC(5) User=0.00s Sys=0.00s Real=0.00s
[2024-10-05T12:40:21.458-0400][gc,marking    ] GC(5) Concurrent Cleanup for Next Mark
[2024-10-05T12:40:21.459-0400][gc,marking    ] GC(5) Concurrent Cleanup for Next Mark 0.813ms
[2024-10-05T12:40:21.459-0400][gc            ] GC(5) Concurrent Cycle 5.576ms
[2024-10-05T12:40:21.895-0400][gc,heap,exit  ] Heap
[2024-10-05T12:40:21.895-0400][gc,heap,exit  ]  garbage-first heap   total 1048576K, used 189468K [0x0000000780000000, 0x00000007c0000000)
[2024-10-05T12:40:21.895-0400][gc,heap,exit  ]   region size 1024K, 50 young (51200K), 4 survivors (4096K)
[2024-10-05T12:40:21.895-0400][gc,heap,exit  ]  Metaspace       used 40312K, capacity 41642K, committed 41840K, reserved 1085440K
[2024-10-05T12:40:21.895-0400][gc,heap,exit  ]   class space    used 4747K, capacity 5377K, committed 5504K, reserved 1048576K
