[2024-10-05T14:06:18.776-0400][gc,heap] Heap region size: 1M
[2024-10-05T14:06:18.777-0400][gc     ] Using G1
[2024-10-05T14:06:18.777-0400][gc,heap,coops] Heap address: 0x0000000780000000, size: 1024 MB, Compressed Oops mode: Zero based, Oop shift amount: 3
[2024-10-05T14:06:19.138-0400][gc,start     ] GC(0) Pause Young (Normal) (G1 Evacuation Pause)
[2024-10-05T14:06:19.138-0400][gc,task      ] GC(0) Using 9 workers of 9 for evacuation
[2024-10-05T14:06:19.142-0400][gc,phases    ] GC(0)   Pre Evacuate Collection Set: 0.0ms
[2024-10-05T14:06:19.142-0400][gc,phases    ] GC(0)   Evacuate Collection Set: 3.1ms
[2024-10-05T14:06:19.142-0400][gc,phases    ] GC(0)   Post Evacuate Collection Set: 0.3ms
[2024-10-05T14:06:19.142-0400][gc,phases    ] GC(0)   Other: 0.2ms
[2024-10-05T14:06:19.142-0400][gc,heap      ] GC(0) Eden regions: 51->0(44)
[2024-10-05T14:06:19.142-0400][gc,heap      ] GC(0) Survivor regions: 0->7(7)
[2024-10-05T14:06:19.142-0400][gc,heap      ] GC(0) Old regions: 0->1
[2024-10-05T14:06:19.142-0400][gc,heap      ] GC(0) Archive regions: 0->0
[2024-10-05T14:06:19.142-0400][gc,heap      ] GC(0) Humongous regions: 0->0
[2024-10-05T14:06:19.142-0400][gc,metaspace ] GC(0) Metaspace: 20504K(20992K)->20504K(20992K) NonClass: 18156K(18432K)->18156K(18432K) Class: 2347K(2560K)->2347K(2560K)
[2024-10-05T14:06:19.142-0400][gc           ] GC(0) Pause Young (Normal) (G1 Evacuation Pause) 51M->7M(1024M) 3.722ms
[2024-10-05T14:06:19.142-0400][gc,cpu       ] GC(0) User=0.02s Sys=0.00s Real=0.01s
[2024-10-05T14:06:19.150-0400][gc,start     ] GC(1) Pause Young (Concurrent Start) (Metadata GC Threshold)
[2024-10-05T14:06:19.150-0400][gc,task      ] GC(1) Using 9 workers of 9 for evacuation
[2024-10-05T14:06:19.154-0400][gc,phases    ] GC(1)   Pre Evacuate Collection Set: 0.0ms
[2024-10-05T14:06:19.154-0400][gc,phases    ] GC(1)   Evacuate Collection Set: 3.3ms
[2024-10-05T14:06:19.154-0400][gc,phases    ] GC(1)   Post Evacuate Collection Set: 0.2ms
[2024-10-05T14:06:19.154-0400][gc,phases    ] GC(1)   Other: 0.1ms
[2024-10-05T14:06:19.154-0400][gc,heap      ] GC(1) Eden regions: 2->0(50)
[2024-10-05T14:06:19.154-0400][gc,heap      ] GC(1) Survivor regions: 7->1(7)
[2024-10-05T14:06:19.154-0400][gc,heap      ] GC(1) Old regions: 1->8
[2024-10-05T14:06:19.154-0400][gc,heap      ] GC(1) Archive regions: 0->0
[2024-10-05T14:06:19.154-0400][gc,heap      ] GC(1) Humongous regions: 0->0
[2024-10-05T14:06:19.154-0400][gc,metaspace ] GC(1) Metaspace: 20652K(21248K)->20652K(21248K) NonClass: 18285K(18688K)->18285K(18688K) Class: 2366K(2560K)->2366K(2560K)
[2024-10-05T14:06:19.154-0400][gc           ] GC(1) Pause Young (Concurrent Start) (Metadata GC Threshold) 9M->8M(1024M) 3.704ms
[2024-10-05T14:06:19.154-0400][gc,cpu       ] GC(1) User=0.01s Sys=0.01s Real=0.00s
[2024-10-05T14:06:19.154-0400][gc           ] GC(2) Concurrent Cycle
[2024-10-05T14:06:19.154-0400][gc,marking   ] GC(2) Concurrent Clear Claimed Marks
[2024-10-05T14:06:19.154-0400][gc,marking   ] GC(2) Concurrent Clear Claimed Marks 0.030ms
[2024-10-05T14:06:19.154-0400][gc,marking   ] GC(2) Concurrent Scan Root Regions
[2024-10-05T14:06:19.154-0400][gc,marking   ] GC(2) Concurrent Scan Root Regions 0.049ms
[2024-10-05T14:06:19.154-0400][gc,marking   ] GC(2) Concurrent Mark (0.382s)
[2024-10-05T14:06:19.154-0400][gc,marking   ] GC(2) Concurrent Mark From Roots
[2024-10-05T14:06:19.154-0400][gc,task      ] GC(2) Using 2 workers of 2 for marking
[2024-10-05T14:06:19.156-0400][gc,marking   ] GC(2) Concurrent Mark From Roots 1.659ms
[2024-10-05T14:06:19.156-0400][gc,marking   ] GC(2) Concurrent Preclean
[2024-10-05T14:06:19.156-0400][gc,marking   ] GC(2) Concurrent Preclean 0.021ms
[2024-10-05T14:06:19.156-0400][gc,marking   ] GC(2) Concurrent Mark (0.382s, 0.383s) 1.705ms
[2024-10-05T14:06:19.156-0400][gc,start     ] GC(2) Pause Remark
[2024-10-05T14:06:19.157-0400][gc,stringtable] GC(2) Cleaned string and symbol table, strings: 7760 processed, 0 removed, symbols: 68290 processed, 42 removed
[2024-10-05T14:06:19.157-0400][gc            ] GC(2) Pause Remark 8M->8M(1024M) 0.951ms
[2024-10-05T14:06:19.157-0400][gc,cpu        ] GC(2) User=0.00s Sys=0.00s Real=0.00s
[2024-10-05T14:06:19.157-0400][gc,marking    ] GC(2) Concurrent Rebuild Remembered Sets
[2024-10-05T14:06:19.158-0400][gc,marking    ] GC(2) Concurrent Rebuild Remembered Sets 1.338ms
[2024-10-05T14:06:19.158-0400][gc,start      ] GC(2) Pause Cleanup
[2024-10-05T14:06:19.158-0400][gc            ] GC(2) Pause Cleanup 9M->9M(1024M) 0.067ms
[2024-10-05T14:06:19.158-0400][gc,cpu        ] GC(2) User=0.00s Sys=0.00s Real=0.00s
[2024-10-05T14:06:19.158-0400][gc,marking    ] GC(2) Concurrent Cleanup for Next Mark
[2024-10-05T14:06:19.161-0400][gc,marking    ] GC(2) Concurrent Cleanup for Next Mark 2.459ms
[2024-10-05T14:06:19.161-0400][gc            ] GC(2) Concurrent Cycle 6.845ms
[2024-10-05T14:06:19.454-0400][gc,start      ] GC(3) Pause Young (Normal) (G1 Evacuation Pause)
[2024-10-05T14:06:19.455-0400][gc,task       ] GC(3) Using 9 workers of 9 for evacuation
[2024-10-05T14:06:19.456-0400][gc,phases     ] GC(3)   Pre Evacuate Collection Set: 0.0ms
[2024-10-05T14:06:19.456-0400][gc,phases     ] GC(3)   Evacuate Collection Set: 1.0ms
[2024-10-05T14:06:19.456-0400][gc,phases     ] GC(3)   Post Evacuate Collection Set: 0.1ms
[2024-10-05T14:06:19.456-0400][gc,phases     ] GC(3)   Other: 0.8ms
[2024-10-05T14:06:19.456-0400][gc,heap       ] GC(3) Eden regions: 50->0(49)
[2024-10-05T14:06:19.456-0400][gc,heap       ] GC(3) Survivor regions: 1->2(7)
[2024-10-05T14:06:19.456-0400][gc,heap       ] GC(3) Old regions: 8->8
[2024-10-05T14:06:19.456-0400][gc,heap       ] GC(3) Archive regions: 0->0
[2024-10-05T14:06:19.456-0400][gc,heap       ] GC(3) Humongous regions: 0->0
[2024-10-05T14:06:19.456-0400][gc,metaspace  ] GC(3) Metaspace: 29470K(30336K)->29470K(30336K) NonClass: 25956K(26368K)->25956K(26368K) Class: 3513K(3968K)->3513K(3968K)
[2024-10-05T14:06:19.456-0400][gc            ] GC(3) Pause Young (Normal) (G1 Evacuation Pause) 58M->9M(1024M) 1.981ms
[2024-10-05T14:06:19.456-0400][gc,cpu        ] GC(3) User=0.01s Sys=0.00s Real=0.00s
[2024-10-05T14:06:19.750-0400][gc,start      ] GC(4) Pause Young (Concurrent Start) (Metadata GC Threshold)
[2024-10-05T14:06:19.750-0400][gc,task       ] GC(4) Using 9 workers of 9 for evacuation
[2024-10-05T14:06:19.751-0400][gc,phases     ] GC(4)   Pre Evacuate Collection Set: 0.1ms
[2024-10-05T14:06:19.751-0400][gc,phases     ] GC(4)   Evacuate Collection Set: 1.2ms
[2024-10-05T14:06:19.751-0400][gc,phases     ] GC(4)   Post Evacuate Collection Set: 0.1ms
[2024-10-05T14:06:19.751-0400][gc,phases     ] GC(4)   Other: 0.1ms
[2024-10-05T14:06:19.751-0400][gc,heap       ] GC(4) Eden regions: 37->0(47)
[2024-10-05T14:06:19.751-0400][gc,heap       ] GC(4) Survivor regions: 2->4(7)
[2024-10-05T14:06:19.751-0400][gc,heap       ] GC(4) Old regions: 8->8
[2024-10-05T14:06:19.751-0400][gc,heap       ] GC(4) Archive regions: 0->0
[2024-10-05T14:06:19.751-0400][gc,heap       ] GC(4) Humongous regions: 129->129
[2024-10-05T14:06:19.751-0400][gc,metaspace  ] GC(4) Metaspace: 34674K(35584K)->34674K(35584K) NonClass: 30733K(31232K)->30733K(31232K) Class: 3940K(4352K)->3940K(4352K)
[2024-10-05T14:06:19.751-0400][gc            ] GC(4) Pause Young (Concurrent Start) (Metadata GC Threshold) 174M->140M(1024M) 1.546ms
[2024-10-05T14:06:19.751-0400][gc,cpu        ] GC(4) User=0.00s Sys=0.00s Real=0.00s
[2024-10-05T14:06:19.751-0400][gc            ] GC(5) Concurrent Cycle
[2024-10-05T14:06:19.751-0400][gc,marking    ] GC(5) Concurrent Clear Claimed Marks
[2024-10-05T14:06:19.751-0400][gc,marking    ] GC(5) Concurrent Clear Claimed Marks 0.010ms
[2024-10-05T14:06:19.751-0400][gc,marking    ] GC(5) Concurrent Scan Root Regions
[2024-10-05T14:06:19.752-0400][gc,marking    ] GC(5) Concurrent Scan Root Regions 0.637ms
[2024-10-05T14:06:19.752-0400][gc,marking    ] GC(5) Concurrent Mark (0.980s)
[2024-10-05T14:06:19.752-0400][gc,marking    ] GC(5) Concurrent Mark From Roots
[2024-10-05T14:06:19.752-0400][gc,task       ] GC(5) Using 2 workers of 2 for marking
[2024-10-05T14:06:19.754-0400][gc,marking    ] GC(5) Concurrent Mark From Roots 1.727ms
[2024-10-05T14:06:19.754-0400][gc,marking    ] GC(5) Concurrent Preclean
[2024-10-05T14:06:19.754-0400][gc,marking    ] GC(5) Concurrent Preclean 0.025ms
[2024-10-05T14:06:19.754-0400][gc,marking    ] GC(5) Concurrent Mark (0.980s, 0.981s) 1.765ms
[2024-10-05T14:06:19.754-0400][gc,start      ] GC(5) Pause Remark
[2024-10-05T14:06:19.754-0400][gc,stringtable] GC(5) Cleaned string and symbol table, strings: 11493 processed, 10 removed, symbols: 101621 processed, 19 removed
[2024-10-05T14:06:19.754-0400][gc            ] GC(5) Pause Remark 141M->141M(1024M) 0.847ms
[2024-10-05T14:06:19.754-0400][gc,cpu        ] GC(5) User=0.01s Sys=0.00s Real=0.00s
[2024-10-05T14:06:19.754-0400][gc,marking    ] GC(5) Concurrent Rebuild Remembered Sets
[2024-10-05T14:06:19.756-0400][gc,marking    ] GC(5) Concurrent Rebuild Remembered Sets 1.246ms
[2024-10-05T14:06:19.756-0400][gc,start      ] GC(5) Pause Cleanup
[2024-10-05T14:06:19.756-0400][gc            ] GC(5) Pause Cleanup 141M->141M(1024M) 0.083ms
[2024-10-05T14:06:19.756-0400][gc,cpu        ] GC(5) User=0.00s Sys=0.00s Real=0.00s
[2024-10-05T14:06:19.756-0400][gc,marking    ] GC(5) Concurrent Cleanup for Next Mark
[2024-10-05T14:06:19.757-0400][gc,marking    ] GC(5) Concurrent Cleanup for Next Mark 0.902ms
[2024-10-05T14:06:19.757-0400][gc            ] GC(5) Concurrent Cycle 5.629ms
[2024-10-05T14:06:19.911-0400][gc,start      ] GC(6) Pause Young (Normal) (G1 Evacuation Pause)
[2024-10-05T14:06:19.911-0400][gc,task       ] GC(6) Using 9 workers of 9 for evacuation
[2024-10-05T14:06:19.913-0400][gc,phases     ] GC(6)   Pre Evacuate Collection Set: 0.0ms
[2024-10-05T14:06:19.913-0400][gc,phases     ] GC(6)   Evacuate Collection Set: 1.6ms
[2024-10-05T14:06:19.913-0400][gc,phases     ] GC(6)   Post Evacuate Collection Set: 0.2ms
[2024-10-05T14:06:19.913-0400][gc,phases     ] GC(6)   Other: 0.1ms
[2024-10-05T14:06:19.913-0400][gc,heap       ] GC(6) Eden regions: 47->0(44)
[2024-10-05T14:06:19.913-0400][gc,heap       ] GC(6) Survivor regions: 4->7(7)
[2024-10-05T14:06:19.913-0400][gc,heap       ] GC(6) Old regions: 8->8
[2024-10-05T14:06:19.913-0400][gc,heap       ] GC(6) Archive regions: 0->0
[2024-10-05T14:06:19.913-0400][gc,heap       ] GC(6) Humongous regions: 129->129
[2024-10-05T14:06:19.913-0400][gc,metaspace  ] GC(6) Metaspace: 41631K(43120K)->41631K(43120K) NonClass: 36872K(37632K)->36872K(37632K) Class: 4759K(5488K)->4759K(5488K)
[2024-10-05T14:06:19.913-0400][gc            ] GC(6) Pause Young (Normal) (G1 Evacuation Pause) 187M->143M(1024M) 1.886ms
[2024-10-05T14:06:19.913-0400][gc,cpu        ] GC(6) User=0.02s Sys=0.00s Real=0.00s
[2024-10-05T14:10:36.919-0400][gc,start      ] GC(7) Pause Young (Normal) (G1 Evacuation Pause)
[2024-10-05T14:10:36.920-0400][gc,task       ] GC(7) Using 9 workers of 9 for evacuation
[2024-10-05T14:10:36.926-0400][gc,phases     ] GC(7)   Pre Evacuate Collection Set: 0.1ms
[2024-10-05T14:10:36.926-0400][gc,phases     ] GC(7)   Evacuate Collection Set: 5.0ms
[2024-10-05T14:10:36.926-0400][gc,phases     ] GC(7)   Post Evacuate Collection Set: 0.6ms
[2024-10-05T14:10:36.926-0400][gc,phases     ] GC(7)   Other: 1.5ms
[2024-10-05T14:10:36.926-0400][gc,heap       ] GC(7) Eden regions: 44->0(48)
[2024-10-05T14:10:36.926-0400][gc,heap       ] GC(7) Survivor regions: 7->3(7)
[2024-10-05T14:10:36.926-0400][gc,heap       ] GC(7) Old regions: 8->15
[2024-10-05T14:10:36.926-0400][gc,heap       ] GC(7) Archive regions: 0->0
[2024-10-05T14:10:36.926-0400][gc,heap       ] GC(7) Humongous regions: 135->129
[2024-10-05T14:10:36.926-0400][gc,metaspace  ] GC(7) Metaspace: 47569K(49776K)->47569K(49776K) NonClass: 41785K(43008K)->41785K(43008K) Class: 5784K(6768K)->5784K(6768K)
[2024-10-05T14:10:36.926-0400][gc            ] GC(7) Pause Young (Normal) (G1 Evacuation Pause) 193M->145M(1024M) 7.273ms
[2024-10-05T14:10:36.926-0400][gc,cpu        ] GC(7) User=0.03s Sys=0.01s Real=0.01s
[2024-10-05T14:10:37.268-0400][gc,heap,exit  ] Heap
[2024-10-05T14:10:37.268-0400][gc,heap,exit  ]  garbage-first heap   total 1048576K, used 161456K [0x0000000780000000, 0x00000007c0000000)
[2024-10-05T14:10:37.268-0400][gc,heap,exit  ]   region size 1024K, 16 young (16384K), 3 survivors (3072K)
[2024-10-05T14:10:37.268-0400][gc,heap,exit  ]  Metaspace       used 48631K, capacity 50873K, committed 51056K, reserved 1093632K
[2024-10-05T14:10:37.268-0400][gc,heap,exit  ]   class space    used 6046K, capacity 7160K, committed 7280K, reserved 1048576K
