[2024-10-05T11:15:14.922-0400][gc,heap] Heap region size: 1M
[2024-10-05T11:15:14.923-0400][gc     ] Using G1
[2024-10-05T11:15:14.923-0400][gc,heap,coops] Heap address: 0x0000000780000000, size: 1024 MB, Compressed Oops mode: Zero based, Oop shift amount: 3
[2024-10-05T11:15:15.231-0400][gc,start     ] GC(0) Pause Young (Normal) (G1 Evacuation Pause)
[2024-10-05T11:15:15.231-0400][gc,task      ] GC(0) Using 9 workers of 9 for evacuation
[2024-10-05T11:15:15.234-0400][gc,phases    ] GC(0)   Pre Evacuate Collection Set: 0.0ms
[2024-10-05T11:15:15.234-0400][gc,phases    ] GC(0)   Evacuate Collection Set: 3.0ms
[2024-10-05T11:15:15.234-0400][gc,phases    ] GC(0)   Post Evacuate Collection Set: 0.2ms
[2024-10-05T11:15:15.234-0400][gc,phases    ] GC(0)   Other: 0.3ms
[2024-10-05T11:15:15.234-0400][gc,heap      ] GC(0) Eden regions: 51->0(44)
[2024-10-05T11:15:15.234-0400][gc,heap      ] GC(0) Survivor regions: 0->7(7)
[2024-10-05T11:15:15.234-0400][gc,heap      ] GC(0) Old regions: 0->1
[2024-10-05T11:15:15.234-0400][gc,heap      ] GC(0) Archive regions: 0->0
[2024-10-05T11:15:15.234-0400][gc,heap      ] GC(0) Humongous regions: 0->0
[2024-10-05T11:15:15.234-0400][gc,metaspace ] GC(0) Metaspace: 20264K(20992K)->20264K(20992K) NonClass: 17952K(18432K)->17952K(18432K) Class: 2312K(2560K)->2312K(2560K)
[2024-10-05T11:15:15.234-0400][gc           ] GC(0) Pause Young (Normal) (G1 Evacuation Pause) 51M->7M(1024M) 3.575ms
[2024-10-05T11:15:15.234-0400][gc,cpu       ] GC(0) User=0.02s Sys=0.01s Real=0.00s
[2024-10-05T11:15:15.243-0400][gc,start     ] GC(1) Pause Young (Concurrent Start) (Metadata GC Threshold)
[2024-10-05T11:15:15.243-0400][gc,task      ] GC(1) Using 9 workers of 9 for evacuation
[2024-10-05T11:15:15.245-0400][gc,phases    ] GC(1)   Pre Evacuate Collection Set: 0.0ms
[2024-10-05T11:15:15.245-0400][gc,phases    ] GC(1)   Evacuate Collection Set: 1.8ms
[2024-10-05T11:15:15.245-0400][gc,phases    ] GC(1)   Post Evacuate Collection Set: 0.1ms
[2024-10-05T11:15:15.245-0400][gc,phases    ] GC(1)   Other: 0.1ms
[2024-10-05T11:15:15.245-0400][gc,heap      ] GC(1) Eden regions: 3->0(50)
[2024-10-05T11:15:15.245-0400][gc,heap      ] GC(1) Survivor regions: 7->1(7)
[2024-10-05T11:15:15.245-0400][gc,heap      ] GC(1) Old regions: 1->8
[2024-10-05T11:15:15.245-0400][gc,heap      ] GC(1) Archive regions: 0->0
[2024-10-05T11:15:15.245-0400][gc,heap      ] GC(1) Humongous regions: 0->0
[2024-10-05T11:15:15.245-0400][gc,metaspace ] GC(1) Metaspace: 20663K(21248K)->20663K(21248K) NonClass: 18296K(18688K)->18296K(18688K) Class: 2366K(2560K)->2366K(2560K)
[2024-10-05T11:15:15.245-0400][gc           ] GC(1) Pause Young (Concurrent Start) (Metadata GC Threshold) 10M->8M(1024M) 2.091ms
[2024-10-05T11:15:15.245-0400][gc,cpu       ] GC(1) User=0.02s Sys=0.00s Real=0.00s
[2024-10-05T11:15:15.245-0400][gc           ] GC(2) Concurrent Cycle
[2024-10-05T11:15:15.245-0400][gc,marking   ] GC(2) Concurrent Clear Claimed Marks
[2024-10-05T11:15:15.245-0400][gc,marking   ] GC(2) Concurrent Clear Claimed Marks 0.012ms
[2024-10-05T11:15:15.245-0400][gc,marking   ] GC(2) Concurrent Scan Root Regions
[2024-10-05T11:15:15.245-0400][gc,marking   ] GC(2) Concurrent Scan Root Regions 0.056ms
[2024-10-05T11:15:15.245-0400][gc,marking   ] GC(2) Concurrent Mark (0.326s)
[2024-10-05T11:15:15.245-0400][gc,marking   ] GC(2) Concurrent Mark From Roots
[2024-10-05T11:15:15.245-0400][gc,task      ] GC(2) Using 2 workers of 2 for marking
[2024-10-05T11:15:15.247-0400][gc,marking   ] GC(2) Concurrent Mark From Roots 1.668ms
[2024-10-05T11:15:15.247-0400][gc,marking   ] GC(2) Concurrent Preclean
[2024-10-05T11:15:15.247-0400][gc,marking   ] GC(2) Concurrent Preclean 0.025ms
[2024-10-05T11:15:15.247-0400][gc,marking   ] GC(2) Concurrent Mark (0.326s, 0.328s) 1.719ms
[2024-10-05T11:15:15.247-0400][gc,start     ] GC(2) Pause Remark
[2024-10-05T11:15:15.248-0400][gc,stringtable] GC(2) Cleaned string and symbol table, strings: 7771 processed, 0 removed, symbols: 68307 processed, 43 removed
[2024-10-05T11:15:15.248-0400][gc            ] GC(2) Pause Remark 9M->9M(1024M) 0.708ms
[2024-10-05T11:15:15.248-0400][gc,cpu        ] GC(2) User=0.01s Sys=0.00s Real=0.00s
[2024-10-05T11:15:15.248-0400][gc,marking    ] GC(2) Concurrent Rebuild Remembered Sets
[2024-10-05T11:15:15.249-0400][gc,marking    ] GC(2) Concurrent Rebuild Remembered Sets 1.246ms
[2024-10-05T11:15:15.249-0400][gc,start      ] GC(2) Pause Cleanup
[2024-10-05T11:15:15.249-0400][gc            ] GC(2) Pause Cleanup 9M->9M(1024M) 0.067ms
[2024-10-05T11:15:15.249-0400][gc,cpu        ] GC(2) User=0.00s Sys=0.00s Real=0.00s
[2024-10-05T11:15:15.249-0400][gc,marking    ] GC(2) Concurrent Cleanup for Next Mark
[2024-10-05T11:15:15.250-0400][gc,marking    ] GC(2) Concurrent Cleanup for Next Mark 0.882ms
[2024-10-05T11:15:15.250-0400][gc            ] GC(2) Concurrent Cycle 4.925ms
[2024-10-05T11:15:15.495-0400][gc,start      ] GC(3) Pause Young (Normal) (G1 Evacuation Pause)
[2024-10-05T11:15:15.495-0400][gc,task       ] GC(3) Using 9 workers of 9 for evacuation
[2024-10-05T11:15:15.496-0400][gc,phases     ] GC(3)   Pre Evacuate Collection Set: 0.0ms
[2024-10-05T11:15:15.496-0400][gc,phases     ] GC(3)   Evacuate Collection Set: 0.9ms
[2024-10-05T11:15:15.496-0400][gc,phases     ] GC(3)   Post Evacuate Collection Set: 0.1ms
[2024-10-05T11:15:15.496-0400][gc,phases     ] GC(3)   Other: 0.1ms
[2024-10-05T11:15:15.496-0400][gc,heap       ] GC(3) Eden regions: 50->0(49)
[2024-10-05T11:15:15.496-0400][gc,heap       ] GC(3) Survivor regions: 1->2(7)
[2024-10-05T11:15:15.496-0400][gc,heap       ] GC(3) Old regions: 8->8
[2024-10-05T11:15:15.496-0400][gc,heap       ] GC(3) Archive regions: 0->0
[2024-10-05T11:15:15.496-0400][gc,heap       ] GC(3) Humongous regions: 129->129
[2024-10-05T11:15:15.496-0400][gc,metaspace  ] GC(3) Metaspace: 29435K(30336K)->29435K(30336K) NonClass: 25923K(26368K)->25923K(26368K) Class: 3512K(3968K)->3512K(3968K)
[2024-10-05T11:15:15.496-0400][gc            ] GC(3) Pause Young (Normal) (G1 Evacuation Pause) 187M->138M(1024M) 1.127ms
[2024-10-05T11:15:15.496-0400][gc,cpu        ] GC(3) User=0.01s Sys=0.00s Real=0.00s
[2024-10-05T11:15:15.572-0400][gc,start      ] GC(4) Pause Young (Concurrent Start) (Metadata GC Threshold)
[2024-10-05T11:15:15.572-0400][gc,task       ] GC(4) Using 9 workers of 9 for evacuation
[2024-10-05T11:15:15.574-0400][gc,phases     ] GC(4)   Pre Evacuate Collection Set: 0.1ms
[2024-10-05T11:15:15.574-0400][gc,phases     ] GC(4)   Evacuate Collection Set: 1.7ms
[2024-10-05T11:15:15.574-0400][gc,phases     ] GC(4)   Post Evacuate Collection Set: 0.1ms
[2024-10-05T11:15:15.574-0400][gc,phases     ] GC(4)   Other: 0.1ms
[2024-10-05T11:15:15.574-0400][gc,heap       ] GC(4) Eden regions: 29->0(48)
[2024-10-05T11:15:15.574-0400][gc,heap       ] GC(4) Survivor regions: 2->3(7)
[2024-10-05T11:15:15.574-0400][gc,heap       ] GC(4) Old regions: 8->8
[2024-10-05T11:15:15.574-0400][gc,heap       ] GC(4) Archive regions: 0->0
[2024-10-05T11:15:15.574-0400][gc,heap       ] GC(4) Humongous regions: 129->129
[2024-10-05T11:15:15.574-0400][gc,metaspace  ] GC(4) Metaspace: 34743K(35632K)->34743K(35632K) NonClass: 30825K(31280K)->30825K(31280K) Class: 3917K(4352K)->3917K(4352K)
[2024-10-05T11:15:15.574-0400][gc            ] GC(4) Pause Young (Concurrent Start) (Metadata GC Threshold) 167M->139M(1024M) 2.024ms
[2024-10-05T11:15:15.574-0400][gc,cpu        ] GC(4) User=0.01s Sys=0.00s Real=0.00s
[2024-10-05T11:15:15.574-0400][gc            ] GC(5) Concurrent Cycle
[2024-10-05T11:15:15.574-0400][gc,marking    ] GC(5) Concurrent Clear Claimed Marks
[2024-10-05T11:15:15.574-0400][gc,marking    ] GC(5) Concurrent Clear Claimed Marks 0.018ms
[2024-10-05T11:15:15.574-0400][gc,marking    ] GC(5) Concurrent Scan Root Regions
[2024-10-05T11:15:15.575-0400][gc,marking    ] GC(5) Concurrent Scan Root Regions 0.554ms
[2024-10-05T11:15:15.575-0400][gc,marking    ] GC(5) Concurrent Mark (0.656s)
[2024-10-05T11:15:15.575-0400][gc,marking    ] GC(5) Concurrent Mark From Roots
[2024-10-05T11:15:15.575-0400][gc,task       ] GC(5) Using 2 workers of 2 for marking
[2024-10-05T11:15:15.577-0400][gc,marking    ] GC(5) Concurrent Mark From Roots 1.677ms
[2024-10-05T11:15:15.577-0400][gc,marking    ] GC(5) Concurrent Preclean
[2024-10-05T11:15:15.577-0400][gc,marking    ] GC(5) Concurrent Preclean 0.020ms
[2024-10-05T11:15:15.577-0400][gc,marking    ] GC(5) Concurrent Mark (0.656s, 0.658s) 1.733ms
[2024-10-05T11:15:15.577-0400][gc,start      ] GC(5) Pause Remark
[2024-10-05T11:15:15.577-0400][gc,stringtable] GC(5) Cleaned string and symbol table, strings: 11628 processed, 9 removed, symbols: 101696 processed, 18 removed
[2024-10-05T11:15:15.578-0400][gc            ] GC(5) Pause Remark 140M->140M(1024M) 0.727ms
[2024-10-05T11:15:15.578-0400][gc,cpu        ] GC(5) User=0.01s Sys=0.00s Real=0.00s
[2024-10-05T11:15:15.578-0400][gc,marking    ] GC(5) Concurrent Rebuild Remembered Sets
[2024-10-05T11:15:15.579-0400][gc,marking    ] GC(5) Concurrent Rebuild Remembered Sets 1.235ms
[2024-10-05T11:15:15.579-0400][gc,start      ] GC(5) Pause Cleanup
[2024-10-05T11:15:15.579-0400][gc            ] GC(5) Pause Cleanup 141M->141M(1024M) 0.063ms
[2024-10-05T11:15:15.579-0400][gc,cpu        ] GC(5) User=0.00s Sys=0.00s Real=0.00s
[2024-10-05T11:15:15.579-0400][gc,marking    ] GC(5) Concurrent Cleanup for Next Mark
[2024-10-05T11:15:15.580-0400][gc,marking    ] GC(5) Concurrent Cleanup for Next Mark 0.826ms
[2024-10-05T11:15:15.580-0400][gc            ] GC(5) Concurrent Cycle 5.420ms
[2024-10-05T11:15:15.728-0400][gc,start      ] GC(6) Pause Young (Normal) (G1 Evacuation Pause)
[2024-10-05T11:15:15.728-0400][gc,task       ] GC(6) Using 9 workers of 9 for evacuation
[2024-10-05T11:15:15.730-0400][gc,phases     ] GC(6)   Pre Evacuate Collection Set: 0.0ms
[2024-10-05T11:15:15.730-0400][gc,phases     ] GC(6)   Evacuate Collection Set: 1.4ms
[2024-10-05T11:15:15.730-0400][gc,phases     ] GC(6)   Post Evacuate Collection Set: 0.1ms
[2024-10-05T11:15:15.730-0400][gc,phases     ] GC(6)   Other: 0.1ms
[2024-10-05T11:15:15.730-0400][gc,heap       ] GC(6) Eden regions: 48->0(44)
[2024-10-05T11:15:15.730-0400][gc,heap       ] GC(6) Survivor regions: 3->7(7)
[2024-10-05T11:15:15.730-0400][gc,heap       ] GC(6) Old regions: 8->8
[2024-10-05T11:15:15.730-0400][gc,heap       ] GC(6) Archive regions: 0->0
[2024-10-05T11:15:15.730-0400][gc,heap       ] GC(6) Humongous regions: 129->129
[2024-10-05T11:15:15.730-0400][gc,metaspace  ] GC(6) Metaspace: 41914K(43392K)->41914K(43392K) NonClass: 37116K(37888K)->37116K(37888K) Class: 4798K(5504K)->4798K(5504K)
[2024-10-05T11:15:15.730-0400][gc            ] GC(6) Pause Young (Normal) (G1 Evacuation Pause) 187M->143M(1024M) 1.705ms
[2024-10-05T11:15:15.730-0400][gc,cpu        ] GC(6) User=0.02s Sys=0.00s Real=0.01s
[2024-10-05T11:25:17.227-0400][gc,heap,exit  ] Heap
[2024-10-05T11:25:17.227-0400][gc,heap,exit  ]  garbage-first heap   total 1048576K, used 177347K [0x0000000780000000, 0x00000007c0000000)
[2024-10-05T11:25:17.227-0400][gc,heap,exit  ]   region size 1024K, 38 young (38912K), 7 survivors (7168K)
[2024-10-05T11:25:17.227-0400][gc,heap,exit  ]  Metaspace       used 45163K, capacity 46844K, committed 46976K, reserved 1089536K
[2024-10-05T11:25:17.227-0400][gc,heap,exit  ]   class space    used 5403K, capacity 6211K, committed 6272K, reserved 1048576K
