[2024-10-05T14:15:03.908-0400][gc,heap] Heap region size: 1M
[2024-10-05T14:15:03.909-0400][gc     ] Using G1
[2024-10-05T14:15:03.909-0400][gc,heap,coops] Heap address: 0x0000000780000000, size: 1024 MB, Compressed Oops mode: Zero based, Oop shift amount: 3
[2024-10-05T14:15:04.235-0400][gc,start     ] GC(0) Pause Young (Normal) (G1 Evacuation Pause)
[2024-10-05T14:15:04.236-0400][gc,task      ] GC(0) Using 9 workers of 9 for evacuation
[2024-10-05T14:15:04.239-0400][gc,phases    ] GC(0)   Pre Evacuate Collection Set: 0.0ms
[2024-10-05T14:15:04.239-0400][gc,phases    ] GC(0)   Evacuate Collection Set: 2.8ms
[2024-10-05T14:15:04.239-0400][gc,phases    ] GC(0)   Post Evacuate Collection Set: 0.2ms
[2024-10-05T14:15:04.239-0400][gc,phases    ] GC(0)   Other: 0.3ms
[2024-10-05T14:15:04.239-0400][gc,heap      ] GC(0) Eden regions: 51->0(44)
[2024-10-05T14:15:04.239-0400][gc,heap      ] GC(0) Survivor regions: 0->7(7)
[2024-10-05T14:15:04.239-0400][gc,heap      ] GC(0) Old regions: 0->1
[2024-10-05T14:15:04.239-0400][gc,heap      ] GC(0) Archive regions: 0->0
[2024-10-05T14:15:04.239-0400][gc,heap      ] GC(0) Humongous regions: 0->0
[2024-10-05T14:15:04.239-0400][gc,metaspace ] GC(0) Metaspace: 20326K(20992K)->20326K(20992K) NonClass: 17998K(18432K)->17998K(18432K) Class: 2328K(2560K)->2328K(2560K)
[2024-10-05T14:15:04.239-0400][gc           ] GC(0) Pause Young (Normal) (G1 Evacuation Pause) 51M->7M(1024M) 3.262ms
[2024-10-05T14:15:04.239-0400][gc,cpu       ] GC(0) User=0.02s Sys=0.00s Real=0.00s
[2024-10-05T14:15:04.246-0400][gc,start     ] GC(1) Pause Young (Concurrent Start) (Metadata GC Threshold)
[2024-10-05T14:15:04.246-0400][gc,task      ] GC(1) Using 9 workers of 9 for evacuation
[2024-10-05T14:15:04.248-0400][gc,phases    ] GC(1)   Pre Evacuate Collection Set: 0.0ms
[2024-10-05T14:15:04.248-0400][gc,phases    ] GC(1)   Evacuate Collection Set: 1.5ms
[2024-10-05T14:15:04.248-0400][gc,phases    ] GC(1)   Post Evacuate Collection Set: 0.1ms
[2024-10-05T14:15:04.248-0400][gc,phases    ] GC(1)   Other: 0.1ms
[2024-10-05T14:15:04.248-0400][gc,heap      ] GC(1) Eden regions: 3->0(50)
[2024-10-05T14:15:04.248-0400][gc,heap      ] GC(1) Survivor regions: 7->1(7)
[2024-10-05T14:15:04.248-0400][gc,heap      ] GC(1) Old regions: 1->8
[2024-10-05T14:15:04.248-0400][gc,heap      ] GC(1) Archive regions: 0->0
[2024-10-05T14:15:04.248-0400][gc,heap      ] GC(1) Humongous regions: 0->0
[2024-10-05T14:15:04.248-0400][gc,metaspace ] GC(1) Metaspace: 20660K(21248K)->20660K(21248K) NonClass: 18293K(18688K)->18293K(18688K) Class: 2366K(2560K)->2366K(2560K)
[2024-10-05T14:15:04.248-0400][gc           ] GC(1) Pause Young (Concurrent Start) (Metadata GC Threshold) 10M->8M(1024M) 1.771ms
[2024-10-05T14:15:04.248-0400][gc,cpu       ] GC(1) User=0.01s Sys=0.01s Real=0.00s
[2024-10-05T14:15:04.248-0400][gc           ] GC(2) Concurrent Cycle
[2024-10-05T14:15:04.248-0400][gc,marking   ] GC(2) Concurrent Clear Claimed Marks
[2024-10-05T14:15:04.248-0400][gc,marking   ] GC(2) Concurrent Clear Claimed Marks 0.015ms
[2024-10-05T14:15:04.248-0400][gc,marking   ] GC(2) Concurrent Scan Root Regions
[2024-10-05T14:15:04.248-0400][gc,marking   ] GC(2) Concurrent Scan Root Regions 0.047ms
[2024-10-05T14:15:04.248-0400][gc,marking   ] GC(2) Concurrent Mark (0.343s)
[2024-10-05T14:15:04.248-0400][gc,marking   ] GC(2) Concurrent Mark From Roots
[2024-10-05T14:15:04.248-0400][gc,task      ] GC(2) Using 2 workers of 2 for marking
[2024-10-05T14:15:04.249-0400][gc,marking   ] GC(2) Concurrent Mark From Roots 1.486ms
[2024-10-05T14:15:04.249-0400][gc,marking   ] GC(2) Concurrent Preclean
[2024-10-05T14:15:04.249-0400][gc,marking   ] GC(2) Concurrent Preclean 0.022ms
[2024-10-05T14:15:04.249-0400][gc,marking   ] GC(2) Concurrent Mark (0.343s, 0.344s) 1.527ms
[2024-10-05T14:15:04.249-0400][gc,start     ] GC(2) Pause Remark
[2024-10-05T14:15:04.250-0400][gc,stringtable] GC(2) Cleaned string and symbol table, strings: 7768 processed, 0 removed, symbols: 68206 processed, 43 removed
[2024-10-05T14:15:04.250-0400][gc            ] GC(2) Pause Remark 8M->8M(1024M) 0.674ms
[2024-10-05T14:15:04.250-0400][gc,cpu        ] GC(2) User=0.00s Sys=0.00s Real=0.01s
[2024-10-05T14:15:04.250-0400][gc,marking    ] GC(2) Concurrent Rebuild Remembered Sets
[2024-10-05T14:15:04.251-0400][gc,marking    ] GC(2) Concurrent Rebuild Remembered Sets 1.241ms
[2024-10-05T14:15:04.251-0400][gc,start      ] GC(2) Pause Cleanup
[2024-10-05T14:15:04.251-0400][gc            ] GC(2) Pause Cleanup 9M->9M(1024M) 0.064ms
[2024-10-05T14:15:04.251-0400][gc,cpu        ] GC(2) User=0.00s Sys=0.00s Real=0.00s
[2024-10-05T14:15:04.251-0400][gc,marking    ] GC(2) Concurrent Cleanup for Next Mark
[2024-10-05T14:15:04.252-0400][gc,marking    ] GC(2) Concurrent Cleanup for Next Mark 0.848ms
[2024-10-05T14:15:04.252-0400][gc            ] GC(2) Concurrent Cycle 4.624ms
[2024-10-05T14:15:04.503-0400][gc,start      ] GC(3) Pause Young (Normal) (G1 Evacuation Pause)
[2024-10-05T14:15:04.503-0400][gc,task       ] GC(3) Using 9 workers of 9 for evacuation
[2024-10-05T14:15:04.504-0400][gc,phases     ] GC(3)   Pre Evacuate Collection Set: 0.0ms
[2024-10-05T14:15:04.506-0400][gc,phases     ] GC(3)   Evacuate Collection Set: 0.7ms
[2024-10-05T14:15:04.506-0400][gc,phases     ] GC(3)   Post Evacuate Collection Set: 0.1ms
[2024-10-05T14:15:04.506-0400][gc,phases     ] GC(3)   Other: 0.1ms
[2024-10-05T14:15:04.506-0400][gc,heap       ] GC(3) Eden regions: 50->0(49)
[2024-10-05T14:15:04.506-0400][gc,heap       ] GC(3) Survivor regions: 1->2(7)
[2024-10-05T14:15:04.506-0400][gc,heap       ] GC(3) Old regions: 8->8
[2024-10-05T14:15:04.506-0400][gc,heap       ] GC(3) Archive regions: 0->0
[2024-10-05T14:15:04.506-0400][gc,heap       ] GC(3) Humongous regions: 0->0
[2024-10-05T14:15:04.506-0400][gc,metaspace  ] GC(3) Metaspace: 29473K(30336K)->29473K(30336K) NonClass: 25959K(26368K)->25959K(26368K) Class: 3513K(3968K)->3513K(3968K)
[2024-10-05T14:15:04.506-0400][gc            ] GC(3) Pause Young (Normal) (G1 Evacuation Pause) 58M->9M(1024M) 3.090ms
[2024-10-05T14:15:04.506-0400][gc,cpu        ] GC(3) User=0.01s Sys=0.00s Real=0.00s
[2024-10-05T14:15:04.783-0400][gc,start      ] GC(4) Pause Young (Concurrent Start) (Metadata GC Threshold)
[2024-10-05T14:15:04.783-0400][gc,task       ] GC(4) Using 9 workers of 9 for evacuation
[2024-10-05T14:15:04.785-0400][gc,phases     ] GC(4)   Pre Evacuate Collection Set: 0.1ms
[2024-10-05T14:15:04.785-0400][gc,phases     ] GC(4)   Evacuate Collection Set: 1.1ms
[2024-10-05T14:15:04.785-0400][gc,phases     ] GC(4)   Post Evacuate Collection Set: 0.1ms
[2024-10-05T14:15:04.785-0400][gc,phases     ] GC(4)   Other: 0.1ms
[2024-10-05T14:15:04.785-0400][gc,heap       ] GC(4) Eden regions: 37->0(47)
[2024-10-05T14:15:04.785-0400][gc,heap       ] GC(4) Survivor regions: 2->4(7)
[2024-10-05T14:15:04.785-0400][gc,heap       ] GC(4) Old regions: 8->8
[2024-10-05T14:15:04.785-0400][gc,heap       ] GC(4) Archive regions: 0->0
[2024-10-05T14:15:04.785-0400][gc,heap       ] GC(4) Humongous regions: 129->129
[2024-10-05T14:15:04.785-0400][gc,metaspace  ] GC(4) Metaspace: 34673K(35584K)->34673K(35584K) NonClass: 30732K(31232K)->30732K(31232K) Class: 3940K(4352K)->3940K(4352K)
[2024-10-05T14:15:04.785-0400][gc            ] GC(4) Pause Young (Concurrent Start) (Metadata GC Threshold) 174M->139M(1024M) 1.447ms
[2024-10-05T14:15:04.785-0400][gc,cpu        ] GC(4) User=0.01s Sys=0.00s Real=0.00s
[2024-10-05T14:15:04.785-0400][gc            ] GC(5) Concurrent Cycle
[2024-10-05T14:15:04.785-0400][gc,marking    ] GC(5) Concurrent Clear Claimed Marks
[2024-10-05T14:15:04.785-0400][gc,marking    ] GC(5) Concurrent Clear Claimed Marks 0.013ms
[2024-10-05T14:15:04.785-0400][gc,marking    ] GC(5) Concurrent Scan Root Regions
[2024-10-05T14:15:04.785-0400][gc,marking    ] GC(5) Concurrent Scan Root Regions 0.719ms
[2024-10-05T14:15:04.785-0400][gc,marking    ] GC(5) Concurrent Mark (0.880s)
[2024-10-05T14:15:04.785-0400][gc,marking    ] GC(5) Concurrent Mark From Roots
[2024-10-05T14:15:04.785-0400][gc,task       ] GC(5) Using 2 workers of 2 for marking
[2024-10-05T14:15:04.787-0400][gc,marking    ] GC(5) Concurrent Mark From Roots 1.734ms
[2024-10-05T14:15:04.787-0400][gc,marking    ] GC(5) Concurrent Preclean
[2024-10-05T14:15:04.787-0400][gc,marking    ] GC(5) Concurrent Preclean 0.022ms
[2024-10-05T14:15:04.787-0400][gc,marking    ] GC(5) Concurrent Mark (0.880s, 0.882s) 1.784ms
[2024-10-05T14:15:04.787-0400][gc,start      ] GC(5) Pause Remark
[2024-10-05T14:15:04.788-0400][gc,stringtable] GC(5) Cleaned string and symbol table, strings: 11510 processed, 10 removed, symbols: 101621 processed, 19 removed
[2024-10-05T14:15:04.788-0400][gc            ] GC(5) Pause Remark 140M->140M(1024M) 0.968ms
[2024-10-05T14:15:04.788-0400][gc,cpu        ] GC(5) User=0.00s Sys=0.00s Real=0.00s
[2024-10-05T14:15:04.788-0400][gc,marking    ] GC(5) Concurrent Rebuild Remembered Sets
[2024-10-05T14:15:04.789-0400][gc,marking    ] GC(5) Concurrent Rebuild Remembered Sets 1.256ms
[2024-10-05T14:15:04.789-0400][gc,start      ] GC(5) Pause Cleanup
[2024-10-05T14:15:04.790-0400][gc            ] GC(5) Pause Cleanup 141M->141M(1024M) 0.048ms
[2024-10-05T14:15:04.790-0400][gc,cpu        ] GC(5) User=0.00s Sys=0.00s Real=0.01s
[2024-10-05T14:15:04.790-0400][gc,marking    ] GC(5) Concurrent Cleanup for Next Mark
[2024-10-05T14:15:04.790-0400][gc,marking    ] GC(5) Concurrent Cleanup for Next Mark 0.884ms
[2024-10-05T14:15:04.790-0400][gc            ] GC(5) Concurrent Cycle 5.837ms
[2024-10-05T14:15:05.212-0400][gc,heap,exit  ] Heap
[2024-10-05T14:15:05.212-0400][gc,heap,exit  ]  garbage-first heap   total 1048576K, used 189183K [0x0000000780000000, 0x00000007c0000000)
[2024-10-05T14:15:05.212-0400][gc,heap,exit  ]   region size 1024K, 50 young (51200K), 4 survivors (4096K)
[2024-10-05T14:15:05.212-0400][gc,heap,exit  ]  Metaspace       used 40416K, capacity 41725K, committed 41840K, reserved 1085440K
[2024-10-05T14:15:05.212-0400][gc,heap,exit  ]   class space    used 4751K, capacity 5383K, committed 5488K, reserved 1048576K
