[2024-10-05T10:42:24.371-0400][gc,heap] Heap region size: 1M
[2024-10-05T10:42:24.372-0400][gc     ] Using G1
[2024-10-05T10:42:24.372-0400][gc,heap,coops] Heap address: 0x0000000780000000, size: 1024 MB, Compressed Oops mode: Zero based, Oop shift amount: 3
[2024-10-05T10:42:24.735-0400][gc,start     ] GC(0) Pause Young (Normal) (G1 Evacuation Pause)
[2024-10-05T10:42:24.736-0400][gc,task      ] GC(0) Using 9 workers of 9 for evacuation
[2024-10-05T10:42:24.739-0400][gc,phases    ] GC(0)   Pre Evacuate Collection Set: 0.0ms
[2024-10-05T10:42:24.739-0400][gc,phases    ] GC(0)   Evacuate Collection Set: 2.9ms
[2024-10-05T10:42:24.739-0400][gc,phases    ] GC(0)   Post Evacuate Collection Set: 0.2ms
[2024-10-05T10:42:24.739-0400][gc,phases    ] GC(0)   Other: 0.3ms
[2024-10-05T10:42:24.739-0400][gc,heap      ] GC(0) Eden regions: 51->0(44)
[2024-10-05T10:42:24.739-0400][gc,heap      ] GC(0) Survivor regions: 0->7(7)
[2024-10-05T10:42:24.739-0400][gc,heap      ] GC(0) Old regions: 0->1
[2024-10-05T10:42:24.739-0400][gc,heap      ] GC(0) Archive regions: 0->0
[2024-10-05T10:42:24.739-0400][gc,heap      ] GC(0) Humongous regions: 0->0
[2024-10-05T10:42:24.739-0400][gc,metaspace ] GC(0) Metaspace: 20375K(20992K)->20375K(20992K) NonClass: 18035K(18432K)->18035K(18432K) Class: 2340K(2560K)->2340K(2560K)
[2024-10-05T10:42:24.739-0400][gc           ] GC(0) Pause Young (Normal) (G1 Evacuation Pause) 51M->7M(1024M) 3.388ms
[2024-10-05T10:42:24.739-0400][gc,cpu       ] GC(0) User=0.02s Sys=0.00s Real=0.00s
[2024-10-05T10:42:24.746-0400][gc,start     ] GC(1) Pause Young (Concurrent Start) (Metadata GC Threshold)
[2024-10-05T10:42:24.746-0400][gc,task      ] GC(1) Using 9 workers of 9 for evacuation
[2024-10-05T10:42:24.748-0400][gc,phases    ] GC(1)   Pre Evacuate Collection Set: 0.0ms
[2024-10-05T10:42:24.748-0400][gc,phases    ] GC(1)   Evacuate Collection Set: 1.2ms
[2024-10-05T10:42:24.748-0400][gc,phases    ] GC(1)   Post Evacuate Collection Set: 0.1ms
[2024-10-05T10:42:24.748-0400][gc,phases    ] GC(1)   Other: 0.1ms
[2024-10-05T10:42:24.748-0400][gc,heap      ] GC(1) Eden regions: 2->0(50)
[2024-10-05T10:42:24.748-0400][gc,heap      ] GC(1) Survivor regions: 7->1(7)
[2024-10-05T10:42:24.748-0400][gc,heap      ] GC(1) Old regions: 1->8
[2024-10-05T10:42:24.748-0400][gc,heap      ] GC(1) Archive regions: 0->0
[2024-10-05T10:42:24.748-0400][gc,heap      ] GC(1) Humongous regions: 0->0
[2024-10-05T10:42:24.748-0400][gc,metaspace ] GC(1) Metaspace: 20671K(21248K)->20671K(21248K) NonClass: 18304K(18688K)->18304K(18688K) Class: 2366K(2560K)->2366K(2560K)
[2024-10-05T10:42:24.748-0400][gc           ] GC(1) Pause Young (Concurrent Start) (Metadata GC Threshold) 9M->8M(1024M) 1.459ms
[2024-10-05T10:42:24.748-0400][gc,cpu       ] GC(1) User=0.01s Sys=0.00s Real=0.00s
[2024-10-05T10:42:24.748-0400][gc           ] GC(2) Concurrent Cycle
[2024-10-05T10:42:24.748-0400][gc,marking   ] GC(2) Concurrent Clear Claimed Marks
[2024-10-05T10:42:24.748-0400][gc,marking   ] GC(2) Concurrent Clear Claimed Marks 0.009ms
[2024-10-05T10:42:24.748-0400][gc,marking   ] GC(2) Concurrent Scan Root Regions
[2024-10-05T10:42:24.748-0400][gc,marking   ] GC(2) Concurrent Scan Root Regions 0.042ms
[2024-10-05T10:42:24.748-0400][gc,marking   ] GC(2) Concurrent Mark (0.380s)
[2024-10-05T10:42:24.748-0400][gc,marking   ] GC(2) Concurrent Mark From Roots
[2024-10-05T10:42:24.748-0400][gc,task      ] GC(2) Using 2 workers of 2 for marking
[2024-10-05T10:42:24.750-0400][gc,marking   ] GC(2) Concurrent Mark From Roots 1.730ms
[2024-10-05T10:42:24.750-0400][gc,marking   ] GC(2) Concurrent Preclean
[2024-10-05T10:42:24.750-0400][gc,marking   ] GC(2) Concurrent Preclean 0.020ms
[2024-10-05T10:42:24.750-0400][gc,marking   ] GC(2) Concurrent Mark (0.380s, 0.382s) 1.769ms
[2024-10-05T10:42:24.750-0400][gc,start     ] GC(2) Pause Remark
[2024-10-05T10:42:24.750-0400][gc,stringtable] GC(2) Cleaned string and symbol table, strings: 7766 processed, 0 removed, symbols: 68291 processed, 42 removed
[2024-10-05T10:42:24.750-0400][gc            ] GC(2) Pause Remark 8M->8M(1024M) 0.673ms
[2024-10-05T10:42:24.750-0400][gc,cpu        ] GC(2) User=0.00s Sys=0.00s Real=0.00s
[2024-10-05T10:42:24.750-0400][gc,marking    ] GC(2) Concurrent Rebuild Remembered Sets
[2024-10-05T10:42:24.752-0400][gc,marking    ] GC(2) Concurrent Rebuild Remembered Sets 1.303ms
[2024-10-05T10:42:24.752-0400][gc,start      ] GC(2) Pause Cleanup
[2024-10-05T10:42:24.752-0400][gc            ] GC(2) Pause Cleanup 9M->9M(1024M) 0.074ms
[2024-10-05T10:42:24.752-0400][gc,cpu        ] GC(2) User=0.00s Sys=0.00s Real=0.00s
[2024-10-05T10:42:24.752-0400][gc,marking    ] GC(2) Concurrent Cleanup for Next Mark
[2024-10-05T10:42:24.753-0400][gc,marking    ] GC(2) Concurrent Cleanup for Next Mark 0.814ms
[2024-10-05T10:42:24.753-0400][gc            ] GC(2) Concurrent Cycle 4.894ms
[2024-10-05T10:42:25.099-0400][gc,start      ] GC(3) Pause Young (Normal) (G1 Evacuation Pause)
[2024-10-05T10:42:25.100-0400][gc,task       ] GC(3) Using 9 workers of 9 for evacuation
[2024-10-05T10:42:25.101-0400][gc,phases     ] GC(3)   Pre Evacuate Collection Set: 0.1ms
[2024-10-05T10:42:25.101-0400][gc,phases     ] GC(3)   Evacuate Collection Set: 0.9ms
[2024-10-05T10:42:25.101-0400][gc,phases     ] GC(3)   Post Evacuate Collection Set: 0.2ms
[2024-10-05T10:42:25.101-0400][gc,phases     ] GC(3)   Other: 0.1ms
[2024-10-05T10:42:25.101-0400][gc,heap       ] GC(3) Eden regions: 50->0(48)
[2024-10-05T10:42:25.101-0400][gc,heap       ] GC(3) Survivor regions: 1->3(7)
[2024-10-05T10:42:25.101-0400][gc,heap       ] GC(3) Old regions: 8->8
[2024-10-05T10:42:25.101-0400][gc,heap       ] GC(3) Archive regions: 0->0
[2024-10-05T10:42:25.101-0400][gc,heap       ] GC(3) Humongous regions: 129->129
[2024-10-05T10:42:25.101-0400][gc,metaspace  ] GC(3) Metaspace: 29494K(30464K)->29494K(30464K) NonClass: 25993K(26624K)->25993K(26624K) Class: 3501K(3840K)->3501K(3840K)
[2024-10-05T10:42:25.101-0400][gc            ] GC(3) Pause Young (Normal) (G1 Evacuation Pause) 187M->138M(1024M) 1.253ms
[2024-10-05T10:42:25.101-0400][gc,cpu        ] GC(3) User=0.00s Sys=0.01s Real=0.01s
[2024-10-05T10:42:25.189-0400][gc,start      ] GC(4) Pause Young (Concurrent Start) (Metadata GC Threshold)
[2024-10-05T10:42:25.189-0400][gc,task       ] GC(4) Using 9 workers of 9 for evacuation
[2024-10-05T10:42:25.191-0400][gc,phases     ] GC(4)   Pre Evacuate Collection Set: 0.1ms
[2024-10-05T10:42:25.191-0400][gc,phases     ] GC(4)   Evacuate Collection Set: 1.3ms
[2024-10-05T10:42:25.191-0400][gc,phases     ] GC(4)   Post Evacuate Collection Set: 0.1ms
[2024-10-05T10:42:25.191-0400][gc,phases     ] GC(4)   Other: 0.1ms
[2024-10-05T10:42:25.191-0400][gc,heap       ] GC(4) Eden regions: 29->0(47)
[2024-10-05T10:42:25.191-0400][gc,heap       ] GC(4) Survivor regions: 3->4(7)
[2024-10-05T10:42:25.191-0400][gc,heap       ] GC(4) Old regions: 8->8
[2024-10-05T10:42:25.191-0400][gc,heap       ] GC(4) Archive regions: 0->0
[2024-10-05T10:42:25.191-0400][gc,heap       ] GC(4) Humongous regions: 129->129
[2024-10-05T10:42:25.191-0400][gc,metaspace  ] GC(4) Metaspace: 34721K(35632K)->34721K(35632K) NonClass: 30846K(31408K)->30846K(31408K) Class: 3875K(4224K)->3875K(4224K)
[2024-10-05T10:42:25.191-0400][gc            ] GC(4) Pause Young (Concurrent Start) (Metadata GC Threshold) 167M->139M(1024M) 1.632ms
[2024-10-05T10:42:25.191-0400][gc,cpu        ] GC(4) User=0.01s Sys=0.00s Real=0.01s
[2024-10-05T10:42:25.191-0400][gc            ] GC(5) Concurrent Cycle
[2024-10-05T10:42:25.191-0400][gc,marking    ] GC(5) Concurrent Clear Claimed Marks
[2024-10-05T10:42:25.191-0400][gc,marking    ] GC(5) Concurrent Clear Claimed Marks 0.016ms
[2024-10-05T10:42:25.191-0400][gc,marking    ] GC(5) Concurrent Scan Root Regions
[2024-10-05T10:42:25.192-0400][gc,marking    ] GC(5) Concurrent Scan Root Regions 0.659ms
[2024-10-05T10:42:25.192-0400][gc,marking    ] GC(5) Concurrent Mark (0.824s)
[2024-10-05T10:42:25.192-0400][gc,marking    ] GC(5) Concurrent Mark From Roots
[2024-10-05T10:42:25.192-0400][gc,task       ] GC(5) Using 2 workers of 2 for marking
[2024-10-05T10:42:25.193-0400][gc,marking    ] GC(5) Concurrent Mark From Roots 1.685ms
[2024-10-05T10:42:25.193-0400][gc,marking    ] GC(5) Concurrent Preclean
[2024-10-05T10:42:25.193-0400][gc,marking    ] GC(5) Concurrent Preclean 0.020ms
[2024-10-05T10:42:25.193-0400][gc,marking    ] GC(5) Concurrent Mark (0.824s, 0.826s) 1.746ms
[2024-10-05T10:42:25.193-0400][gc,start      ] GC(5) Pause Remark
[2024-10-05T10:42:25.194-0400][gc,stringtable] GC(5) Cleaned string and symbol table, strings: 12369 processed, 9 removed, symbols: 102991 processed, 21 removed
[2024-10-05T10:42:25.194-0400][gc            ] GC(5) Pause Remark 140M->140M(1024M) 0.727ms
[2024-10-05T10:42:25.194-0400][gc,cpu        ] GC(5) User=0.00s Sys=0.00s Real=0.00s
[2024-10-05T10:42:25.194-0400][gc,marking    ] GC(5) Concurrent Rebuild Remembered Sets
[2024-10-05T10:42:25.195-0400][gc,marking    ] GC(5) Concurrent Rebuild Remembered Sets 1.258ms
[2024-10-05T10:42:25.195-0400][gc,start      ] GC(5) Pause Cleanup
[2024-10-05T10:42:25.196-0400][gc            ] GC(5) Pause Cleanup 141M->141M(1024M) 0.092ms
[2024-10-05T10:42:25.196-0400][gc,cpu        ] GC(5) User=0.00s Sys=0.00s Real=0.00s
[2024-10-05T10:42:25.196-0400][gc,marking    ] GC(5) Concurrent Cleanup for Next Mark
[2024-10-05T10:42:25.196-0400][gc,marking    ] GC(5) Concurrent Cleanup for Next Mark 0.816ms
[2024-10-05T10:42:25.196-0400][gc            ] GC(5) Concurrent Cycle 5.530ms
[2024-10-05T10:42:25.352-0400][gc,start      ] GC(6) Pause Young (Normal) (G1 Evacuation Pause)
[2024-10-05T10:42:25.352-0400][gc,task       ] GC(6) Using 9 workers of 9 for evacuation
[2024-10-05T10:42:25.353-0400][gc,phases     ] GC(6)   Pre Evacuate Collection Set: 0.0ms
[2024-10-05T10:42:25.353-0400][gc,phases     ] GC(6)   Evacuate Collection Set: 1.4ms
[2024-10-05T10:42:25.353-0400][gc,phases     ] GC(6)   Post Evacuate Collection Set: 0.1ms
[2024-10-05T10:42:25.353-0400][gc,phases     ] GC(6)   Other: 0.1ms
[2024-10-05T10:42:25.353-0400][gc,heap       ] GC(6) Eden regions: 47->0(44)
[2024-10-05T10:42:25.353-0400][gc,heap       ] GC(6) Survivor regions: 4->7(7)
[2024-10-05T10:42:25.353-0400][gc,heap       ] GC(6) Old regions: 8->8
[2024-10-05T10:42:25.353-0400][gc,heap       ] GC(6) Archive regions: 0->0
[2024-10-05T10:42:25.353-0400][gc,heap       ] GC(6) Humongous regions: 129->129
[2024-10-05T10:42:25.353-0400][gc,metaspace  ] GC(6) Metaspace: 41736K(43008K)->41736K(43008K) NonClass: 36984K(37632K)->36984K(37632K) Class: 4752K(5376K)->4752K(5376K)
[2024-10-05T10:42:25.353-0400][gc            ] GC(6) Pause Young (Normal) (G1 Evacuation Pause) 186M->143M(1024M) 1.702ms
[2024-10-05T10:42:25.353-0400][gc,cpu        ] GC(6) User=0.01s Sys=0.00s Real=0.00s
[2024-10-05T11:14:01.049-0400][gc,heap,exit  ] Heap
[2024-10-05T11:14:01.049-0400][gc,heap,exit  ]  garbage-first heap   total 1048576K, used 185800K [0x0000000780000000, 0x00000007c0000000)
[2024-10-05T11:14:01.049-0400][gc,heap,exit  ]   region size 1024K, 47 young (48128K), 7 survivors (7168K)
[2024-10-05T11:14:01.049-0400][gc,heap,exit  ]  Metaspace       used 45437K, capacity 47069K, committed 47232K, reserved 1089536K
[2024-10-05T11:14:01.049-0400][gc,heap,exit  ]   class space    used 5416K, capacity 6220K, committed 6272K, reserved 1048576K
