[2024-10-05T14:16:45.909-0400][gc,heap] Heap region size: 1M
[2024-10-05T14:16:45.910-0400][gc     ] Using G1
[2024-10-05T14:16:45.910-0400][gc,heap,coops] Heap address: 0x0000000780000000, size: 1024 MB, Compressed Oops mode: Zero based, Oop shift amount: 3
[2024-10-05T14:16:46.214-0400][gc,start     ] GC(0) Pause Young (Normal) (G1 Evacuation Pause)
[2024-10-05T14:16:46.214-0400][gc,task      ] GC(0) Using 9 workers of 9 for evacuation
[2024-10-05T14:16:46.218-0400][gc,phases    ] GC(0)   Pre Evacuate Collection Set: 0.0ms
[2024-10-05T14:16:46.218-0400][gc,phases    ] GC(0)   Evacuate Collection Set: 3.2ms
[2024-10-05T14:16:46.218-0400][gc,phases    ] GC(0)   Post Evacuate Collection Set: 0.2ms
[2024-10-05T14:16:46.218-0400][gc,phases    ] GC(0)   Other: 0.3ms
[2024-10-05T14:16:46.218-0400][gc,heap      ] GC(0) Eden regions: 51->0(44)
[2024-10-05T14:16:46.218-0400][gc,heap      ] GC(0) Survivor regions: 0->7(7)
[2024-10-05T14:16:46.218-0400][gc,heap      ] GC(0) Old regions: 0->1
[2024-10-05T14:16:46.218-0400][gc,heap      ] GC(0) Archive regions: 0->0
[2024-10-05T14:16:46.218-0400][gc,heap      ] GC(0) Humongous regions: 0->0
[2024-10-05T14:16:46.218-0400][gc,metaspace ] GC(0) Metaspace: 20323K(20992K)->20323K(20992K) NonClass: 17996K(18432K)->17996K(18432K) Class: 2327K(2560K)->2327K(2560K)
[2024-10-05T14:16:46.218-0400][gc           ] GC(0) Pause Young (Normal) (G1 Evacuation Pause) 51M->7M(1024M) 3.766ms
[2024-10-05T14:16:46.218-0400][gc,cpu       ] GC(0) User=0.02s Sys=0.01s Real=0.00s
[2024-10-05T14:16:46.224-0400][gc,start     ] GC(1) Pause Young (Concurrent Start) (Metadata GC Threshold)
[2024-10-05T14:16:46.224-0400][gc,task      ] GC(1) Using 9 workers of 9 for evacuation
[2024-10-05T14:16:46.226-0400][gc,phases    ] GC(1)   Pre Evacuate Collection Set: 0.0ms
[2024-10-05T14:16:46.226-0400][gc,phases    ] GC(1)   Evacuate Collection Set: 1.9ms
[2024-10-05T14:16:46.226-0400][gc,phases    ] GC(1)   Post Evacuate Collection Set: 0.1ms
[2024-10-05T14:16:46.226-0400][gc,phases    ] GC(1)   Other: 0.1ms
[2024-10-05T14:16:46.226-0400][gc,heap      ] GC(1) Eden regions: 3->0(50)
[2024-10-05T14:16:46.226-0400][gc,heap      ] GC(1) Survivor regions: 7->1(7)
[2024-10-05T14:16:46.226-0400][gc,heap      ] GC(1) Old regions: 1->8
[2024-10-05T14:16:46.226-0400][gc,heap      ] GC(1) Archive regions: 0->0
[2024-10-05T14:16:46.226-0400][gc,heap      ] GC(1) Humongous regions: 0->0
[2024-10-05T14:16:46.226-0400][gc,metaspace ] GC(1) Metaspace: 20661K(21248K)->20661K(21248K) NonClass: 18294K(18688K)->18294K(18688K) Class: 2366K(2560K)->2366K(2560K)
[2024-10-05T14:16:46.226-0400][gc           ] GC(1) Pause Young (Concurrent Start) (Metadata GC Threshold) 10M->8M(1024M) 2.143ms
[2024-10-05T14:16:46.226-0400][gc,cpu       ] GC(1) User=0.02s Sys=0.00s Real=0.00s
[2024-10-05T14:16:46.226-0400][gc           ] GC(2) Concurrent Cycle
[2024-10-05T14:16:46.226-0400][gc,marking   ] GC(2) Concurrent Clear Claimed Marks
[2024-10-05T14:16:46.226-0400][gc,marking   ] GC(2) Concurrent Clear Claimed Marks 0.014ms
[2024-10-05T14:16:46.226-0400][gc,marking   ] GC(2) Concurrent Scan Root Regions
[2024-10-05T14:16:46.226-0400][gc,marking   ] GC(2) Concurrent Scan Root Regions 0.051ms
[2024-10-05T14:16:46.226-0400][gc,marking   ] GC(2) Concurrent Mark (0.320s)
[2024-10-05T14:16:46.226-0400][gc,marking   ] GC(2) Concurrent Mark From Roots
[2024-10-05T14:16:46.226-0400][gc,task      ] GC(2) Using 2 workers of 2 for marking
[2024-10-05T14:16:46.228-0400][gc,marking   ] GC(2) Concurrent Mark From Roots 1.699ms
[2024-10-05T14:16:46.228-0400][gc,marking   ] GC(2) Concurrent Preclean
[2024-10-05T14:16:46.228-0400][gc,marking   ] GC(2) Concurrent Preclean 0.020ms
[2024-10-05T14:16:46.228-0400][gc,marking   ] GC(2) Concurrent Mark (0.320s, 0.322s) 1.746ms
[2024-10-05T14:16:46.228-0400][gc,start     ] GC(2) Pause Remark
[2024-10-05T14:16:46.229-0400][gc,stringtable] GC(2) Cleaned string and symbol table, strings: 7761 processed, 0 removed, symbols: 68308 processed, 43 removed
[2024-10-05T14:16:46.229-0400][gc            ] GC(2) Pause Remark 9M->9M(1024M) 0.696ms
[2024-10-05T14:16:46.229-0400][gc,cpu        ] GC(2) User=0.01s Sys=0.00s Real=0.00s
[2024-10-05T14:16:46.229-0400][gc,marking    ] GC(2) Concurrent Rebuild Remembered Sets
[2024-10-05T14:16:46.230-0400][gc,marking    ] GC(2) Concurrent Rebuild Remembered Sets 1.292ms
[2024-10-05T14:16:46.230-0400][gc,start      ] GC(2) Pause Cleanup
[2024-10-05T14:16:46.230-0400][gc            ] GC(2) Pause Cleanup 9M->9M(1024M) 0.132ms
[2024-10-05T14:16:46.230-0400][gc,cpu        ] GC(2) User=0.00s Sys=0.00s Real=0.00s
[2024-10-05T14:16:46.230-0400][gc,marking    ] GC(2) Concurrent Cleanup for Next Mark
[2024-10-05T14:16:46.231-0400][gc,marking    ] GC(2) Concurrent Cleanup for Next Mark 0.947ms
[2024-10-05T14:16:46.231-0400][gc            ] GC(2) Concurrent Cycle 5.123ms
[2024-10-05T14:16:46.469-0400][gc,start      ] GC(3) Pause Young (Normal) (G1 Evacuation Pause)
[2024-10-05T14:16:46.469-0400][gc,task       ] GC(3) Using 9 workers of 9 for evacuation
[2024-10-05T14:16:46.469-0400][gc,phases     ] GC(3)   Pre Evacuate Collection Set: 0.0ms
[2024-10-05T14:16:46.469-0400][gc,phases     ] GC(3)   Evacuate Collection Set: 0.7ms
[2024-10-05T14:16:46.469-0400][gc,phases     ] GC(3)   Post Evacuate Collection Set: 0.1ms
[2024-10-05T14:16:46.469-0400][gc,phases     ] GC(3)   Other: 0.1ms
[2024-10-05T14:16:46.469-0400][gc,heap       ] GC(3) Eden regions: 50->0(49)
[2024-10-05T14:16:46.469-0400][gc,heap       ] GC(3) Survivor regions: 1->2(7)
[2024-10-05T14:16:46.469-0400][gc,heap       ] GC(3) Old regions: 8->8
[2024-10-05T14:16:46.469-0400][gc,heap       ] GC(3) Archive regions: 0->0
[2024-10-05T14:16:46.469-0400][gc,heap       ] GC(3) Humongous regions: 0->0
[2024-10-05T14:16:46.469-0400][gc,metaspace  ] GC(3) Metaspace: 29455K(30336K)->29455K(30336K) NonClass: 25945K(26368K)->25945K(26368K) Class: 3509K(3968K)->3509K(3968K)
[2024-10-05T14:16:46.470-0400][gc            ] GC(3) Pause Young (Normal) (G1 Evacuation Pause) 58M->9M(1024M) 0.983ms
[2024-10-05T14:16:46.470-0400][gc,cpu        ] GC(3) User=0.01s Sys=0.00s Real=0.01s
[2024-10-05T14:16:46.606-0400][gc,start      ] GC(4) Pause Young (Concurrent Start) (Metadata GC Threshold)
[2024-10-05T14:16:46.606-0400][gc,task       ] GC(4) Using 9 workers of 9 for evacuation
[2024-10-05T14:16:46.607-0400][gc,phases     ] GC(4)   Pre Evacuate Collection Set: 0.1ms
[2024-10-05T14:16:46.607-0400][gc,phases     ] GC(4)   Evacuate Collection Set: 1.1ms
[2024-10-05T14:16:46.607-0400][gc,phases     ] GC(4)   Post Evacuate Collection Set: 0.1ms
[2024-10-05T14:16:46.607-0400][gc,phases     ] GC(4)   Other: 0.1ms
[2024-10-05T14:16:46.607-0400][gc,heap       ] GC(4) Eden regions: 35->0(47)
[2024-10-05T14:16:46.607-0400][gc,heap       ] GC(4) Survivor regions: 2->4(7)
[2024-10-05T14:16:46.607-0400][gc,heap       ] GC(4) Old regions: 8->8
[2024-10-05T14:16:46.607-0400][gc,heap       ] GC(4) Archive regions: 0->0
[2024-10-05T14:16:46.607-0400][gc,heap       ] GC(4) Humongous regions: 129->129
[2024-10-05T14:16:46.607-0400][gc,metaspace  ] GC(4) Metaspace: 34552K(35584K)->34552K(35584K) NonClass: 30611K(31232K)->30611K(31232K) Class: 3941K(4352K)->3941K(4352K)
[2024-10-05T14:16:46.607-0400][gc            ] GC(4) Pause Young (Concurrent Start) (Metadata GC Threshold) 173M->139M(1024M) 1.410ms
[2024-10-05T14:16:46.607-0400][gc,cpu        ] GC(4) User=0.01s Sys=0.00s Real=0.00s
[2024-10-05T14:16:46.607-0400][gc            ] GC(5) Concurrent Cycle
[2024-10-05T14:16:46.607-0400][gc,marking    ] GC(5) Concurrent Clear Claimed Marks
[2024-10-05T14:16:46.607-0400][gc,marking    ] GC(5) Concurrent Clear Claimed Marks 0.018ms
[2024-10-05T14:16:46.607-0400][gc,marking    ] GC(5) Concurrent Scan Root Regions
[2024-10-05T14:16:46.608-0400][gc,marking    ] GC(5) Concurrent Scan Root Regions 0.637ms
[2024-10-05T14:16:46.608-0400][gc,marking    ] GC(5) Concurrent Mark (0.702s)
[2024-10-05T14:16:46.608-0400][gc,marking    ] GC(5) Concurrent Mark From Roots
[2024-10-05T14:16:46.608-0400][gc,task       ] GC(5) Using 2 workers of 2 for marking
[2024-10-05T14:16:46.610-0400][gc,marking    ] GC(5) Concurrent Mark From Roots 1.753ms
[2024-10-05T14:16:46.610-0400][gc,marking    ] GC(5) Concurrent Preclean
[2024-10-05T14:16:46.610-0400][gc,marking    ] GC(5) Concurrent Preclean 0.017ms
[2024-10-05T14:16:46.610-0400][gc,marking    ] GC(5) Concurrent Mark (0.702s, 0.704s) 1.798ms
[2024-10-05T14:16:46.610-0400][gc,start      ] GC(5) Pause Remark
[2024-10-05T14:16:46.611-0400][gc,stringtable] GC(5) Cleaned string and symbol table, strings: 11443 processed, 10 removed, symbols: 101748 processed, 18 removed
[2024-10-05T14:16:46.611-0400][gc            ] GC(5) Pause Remark 140M->140M(1024M) 0.839ms
[2024-10-05T14:16:46.611-0400][gc,cpu        ] GC(5) User=0.01s Sys=0.00s Real=0.00s
[2024-10-05T14:16:46.611-0400][gc,marking    ] GC(5) Concurrent Rebuild Remembered Sets
[2024-10-05T14:16:46.612-0400][gc,marking    ] GC(5) Concurrent Rebuild Remembered Sets 1.243ms
[2024-10-05T14:16:46.612-0400][gc,start      ] GC(5) Pause Cleanup
[2024-10-05T14:16:46.612-0400][gc            ] GC(5) Pause Cleanup 141M->141M(1024M) 0.084ms
[2024-10-05T14:16:46.612-0400][gc,cpu        ] GC(5) User=0.00s Sys=0.00s Real=0.00s
[2024-10-05T14:16:46.612-0400][gc,marking    ] GC(5) Concurrent Cleanup for Next Mark
[2024-10-05T14:16:46.613-0400][gc,marking    ] GC(5) Concurrent Cleanup for Next Mark 0.855ms
[2024-10-05T14:16:46.613-0400][gc            ] GC(5) Concurrent Cycle 5.672ms
[2024-10-05T14:16:46.746-0400][gc,start      ] GC(6) Pause Young (Normal) (G1 Evacuation Pause)
[2024-10-05T14:16:46.746-0400][gc,task       ] GC(6) Using 9 workers of 9 for evacuation
[2024-10-05T14:16:46.747-0400][gc,phases     ] GC(6)   Pre Evacuate Collection Set: 0.0ms
[2024-10-05T14:16:46.747-0400][gc,phases     ] GC(6)   Evacuate Collection Set: 1.3ms
[2024-10-05T14:16:46.747-0400][gc,phases     ] GC(6)   Post Evacuate Collection Set: 0.1ms
[2024-10-05T14:16:46.747-0400][gc,phases     ] GC(6)   Other: 0.1ms
[2024-10-05T14:16:46.747-0400][gc,heap       ] GC(6) Eden regions: 47->0(44)
[2024-10-05T14:16:46.747-0400][gc,heap       ] GC(6) Survivor regions: 4->7(7)
[2024-10-05T14:16:46.747-0400][gc,heap       ] GC(6) Old regions: 8->8
[2024-10-05T14:16:46.747-0400][gc,heap       ] GC(6) Archive regions: 0->0
[2024-10-05T14:16:46.747-0400][gc,heap       ] GC(6) Humongous regions: 129->129
[2024-10-05T14:16:46.747-0400][gc,metaspace  ] GC(6) Metaspace: 41449K(43008K)->41449K(43008K) NonClass: 36693K(37632K)->36693K(37632K) Class: 4755K(5376K)->4755K(5376K)
[2024-10-05T14:16:46.747-0400][gc            ] GC(6) Pause Young (Normal) (G1 Evacuation Pause) 186M->143M(1024M) 1.568ms
[2024-10-05T14:16:46.747-0400][gc,cpu        ] GC(6) User=0.01s Sys=0.00s Real=0.00s
[2024-10-05T14:17:17.968-0400][gc,start      ] GC(7) Pause Young (Normal) (G1 Evacuation Pause)
[2024-10-05T14:17:17.968-0400][gc,task       ] GC(7) Using 9 workers of 9 for evacuation
[2024-10-05T14:17:17.974-0400][gc,phases     ] GC(7)   Pre Evacuate Collection Set: 0.0ms
[2024-10-05T14:17:17.974-0400][gc,phases     ] GC(7)   Evacuate Collection Set: 5.2ms
[2024-10-05T14:17:17.974-0400][gc,phases     ] GC(7)   Post Evacuate Collection Set: 0.3ms
[2024-10-05T14:17:17.974-0400][gc,phases     ] GC(7)   Other: 0.3ms
[2024-10-05T14:17:17.974-0400][gc,heap       ] GC(7) Eden regions: 44->0(48)
[2024-10-05T14:17:17.974-0400][gc,heap       ] GC(7) Survivor regions: 7->3(7)
[2024-10-05T14:17:17.974-0400][gc,heap       ] GC(7) Old regions: 8->15
[2024-10-05T14:17:17.974-0400][gc,heap       ] GC(7) Archive regions: 0->0
[2024-10-05T14:17:17.974-0400][gc,heap       ] GC(7) Humongous regions: 135->129
[2024-10-05T14:17:17.974-0400][gc,metaspace  ] GC(7) Metaspace: 48024K(50304K)->48024K(50304K) NonClass: 42081K(43264K)->42081K(43264K) Class: 5942K(7040K)->5942K(7040K)
[2024-10-05T14:17:17.974-0400][gc            ] GC(7) Pause Young (Normal) (G1 Evacuation Pause) 193M->145M(1024M) 6.004ms
[2024-10-05T14:17:17.974-0400][gc,cpu        ] GC(7) User=0.04s Sys=0.01s Real=0.01s
[2024-10-05T14:26:29.815-0400][gc,start      ] GC(8) Pause Young (Normal) (G1 Evacuation Pause)
[2024-10-05T14:26:29.816-0400][gc,task       ] GC(8) Using 9 workers of 9 for evacuation
[2024-10-05T14:26:29.827-0400][gc,phases     ] GC(8)   Pre Evacuate Collection Set: 0.5ms
[2024-10-05T14:26:29.827-0400][gc,phases     ] GC(8)   Evacuate Collection Set: 8.3ms
[2024-10-05T14:26:29.827-0400][gc,phases     ] GC(8)   Post Evacuate Collection Set: 1.2ms
[2024-10-05T14:26:29.827-0400][gc,phases     ] GC(8)   Other: 1.7ms
[2024-10-05T14:26:29.827-0400][gc,heap       ] GC(8) Eden regions: 48->0(46)
[2024-10-05T14:26:29.827-0400][gc,heap       ] GC(8) Survivor regions: 3->5(7)
[2024-10-05T14:26:29.827-0400][gc,heap       ] GC(8) Old regions: 15->15
[2024-10-05T14:26:29.827-0400][gc,heap       ] GC(8) Archive regions: 0->0
[2024-10-05T14:26:29.827-0400][gc,heap       ] GC(8) Humongous regions: 129->129
[2024-10-05T14:26:29.827-0400][gc,metaspace  ] GC(8) Metaspace: 50365K(53120K)->50365K(53120K) NonClass: 44100K(45568K)->44100K(45568K) Class: 6264K(7552K)->6264K(7552K)
[2024-10-05T14:26:29.827-0400][gc            ] GC(8) Pause Young (Normal) (G1 Evacuation Pause) 193M->147M(1024M) 11.968ms
[2024-10-05T14:26:29.827-0400][gc,cpu        ] GC(8) User=0.03s Sys=0.02s Real=0.01s
[2024-10-05T14:37:47.079-0400][gc,start      ] GC(9) Pause Young (Normal) (G1 Evacuation Pause)
[2024-10-05T14:37:47.080-0400][gc,task       ] GC(9) Using 9 workers of 9 for evacuation
[2024-10-05T14:37:47.086-0400][gc,phases     ] GC(9)   Pre Evacuate Collection Set: 0.4ms
[2024-10-05T14:37:47.086-0400][gc,phases     ] GC(9)   Evacuate Collection Set: 5.4ms
[2024-10-05T14:37:47.087-0400][gc,phases     ] GC(9)   Post Evacuate Collection Set: 0.6ms
[2024-10-05T14:37:47.087-0400][gc,phases     ] GC(9)   Other: 1.3ms
[2024-10-05T14:37:47.087-0400][gc,heap       ] GC(9) Eden regions: 46->0(48)
[2024-10-05T14:37:47.087-0400][gc,heap       ] GC(9) Survivor regions: 5->3(7)
[2024-10-05T14:37:47.087-0400][gc,heap       ] GC(9) Old regions: 15->17
[2024-10-05T14:37:47.087-0400][gc,heap       ] GC(9) Archive regions: 0->0
[2024-10-05T14:37:47.087-0400][gc,heap       ] GC(9) Humongous regions: 129->129
[2024-10-05T14:37:47.087-0400][gc,metaspace  ] GC(9) Metaspace: 50747K(53376K)->50747K(53376K) NonClass: 44457K(45824K)->44457K(45824K) Class: 6290K(7552K)->6290K(7552K)
[2024-10-05T14:37:47.087-0400][gc            ] GC(9) Pause Young (Normal) (G1 Evacuation Pause) 193M->147M(1024M) 7.916ms
[2024-10-05T14:37:47.087-0400][gc,cpu        ] GC(9) User=0.03s Sys=0.01s Real=0.01s
[2024-10-05T14:51:18.035-0400][gc,start      ] GC(10) Pause Young (Normal) (G1 Evacuation Pause)
[2024-10-05T14:51:18.036-0400][gc,task       ] GC(10) Using 9 workers of 9 for evacuation
[2024-10-05T14:51:18.043-0400][gc,phases     ] GC(10)   Pre Evacuate Collection Set: 0.5ms
[2024-10-05T14:51:18.043-0400][gc,phases     ] GC(10)   Evacuate Collection Set: 5.1ms
[2024-10-05T14:51:18.043-0400][gc,phases     ] GC(10)   Post Evacuate Collection Set: 0.7ms
[2024-10-05T14:51:18.043-0400][gc,phases     ] GC(10)   Other: 1.9ms
[2024-10-05T14:51:18.043-0400][gc,heap       ] GC(10) Eden regions: 48->0(48)
[2024-10-05T14:51:18.043-0400][gc,heap       ] GC(10) Survivor regions: 3->3(7)
[2024-10-05T14:51:18.043-0400][gc,heap       ] GC(10) Old regions: 17->17
[2024-10-05T14:51:18.043-0400][gc,heap       ] GC(10) Archive regions: 0->0
[2024-10-05T14:51:18.043-0400][gc,heap       ] GC(10) Humongous regions: 129->129
[2024-10-05T14:51:18.043-0400][gc,metaspace  ] GC(10) Metaspace: 50909K(53632K)->50909K(53632K) NonClass: 44619K(46080K)->44619K(46080K) Class: 6290K(7552K)->6290K(7552K)
[2024-10-05T14:51:18.043-0400][gc            ] GC(10) Pause Young (Normal) (G1 Evacuation Pause) 195M->148M(1024M) 8.434ms
[2024-10-05T14:51:18.043-0400][gc,cpu        ] GC(10) User=0.02s Sys=0.01s Real=0.01s
[2024-10-05T15:06:16.532-0400][gc,start      ] GC(11) Pause Young (Normal) (G1 Evacuation Pause)
[2024-10-05T15:06:16.533-0400][gc,task       ] GC(11) Using 9 workers of 9 for evacuation
[2024-10-05T15:06:16.540-0400][gc,phases     ] GC(11)   Pre Evacuate Collection Set: 0.1ms
[2024-10-05T15:06:16.540-0400][gc,phases     ] GC(11)   Evacuate Collection Set: 6.1ms
[2024-10-05T15:06:16.540-0400][gc,phases     ] GC(11)   Post Evacuate Collection Set: 0.7ms
[2024-10-05T15:06:16.540-0400][gc,phases     ] GC(11)   Other: 1.7ms
[2024-10-05T15:06:16.540-0400][gc,heap       ] GC(11) Eden regions: 48->0(54)
[2024-10-05T15:06:16.540-0400][gc,heap       ] GC(11) Survivor regions: 3->5(7)
[2024-10-05T15:06:16.540-0400][gc,heap       ] GC(11) Old regions: 17->17
[2024-10-05T15:06:16.540-0400][gc,heap       ] GC(11) Archive regions: 0->0
[2024-10-05T15:06:16.540-0400][gc,heap       ] GC(11) Humongous regions: 129->129
[2024-10-05T15:06:16.540-0400][gc,metaspace  ] GC(11) Metaspace: 50978K(53632K)->50978K(53632K) NonClass: 44688K(46080K)->44688K(46080K) Class: 6290K(7552K)->6290K(7552K)
[2024-10-05T15:06:16.540-0400][gc            ] GC(11) Pause Young (Normal) (G1 Evacuation Pause) 196M->149M(1024M) 8.778ms
[2024-10-05T15:06:16.540-0400][gc,cpu        ] GC(11) User=0.03s Sys=0.00s Real=0.01s
[2024-10-05T15:22:12.303-0400][gc,start      ] GC(12) Pause Young (Normal) (G1 Evacuation Pause)
[2024-10-05T15:22:12.304-0400][gc,task       ] GC(12) Using 9 workers of 9 for evacuation
[2024-10-05T15:22:12.313-0400][gc,phases     ] GC(12)   Pre Evacuate Collection Set: 0.4ms
[2024-10-05T15:22:12.313-0400][gc,phases     ] GC(12)   Evacuate Collection Set: 7.5ms
[2024-10-05T15:22:12.313-0400][gc,phases     ] GC(12)   Post Evacuate Collection Set: 0.8ms
[2024-10-05T15:22:12.313-0400][gc,phases     ] GC(12)   Other: 1.1ms
[2024-10-05T15:22:12.313-0400][gc,heap       ] GC(12) Eden regions: 54->0(503)
[2024-10-05T15:22:12.313-0400][gc,heap       ] GC(12) Survivor regions: 5->4(8)
[2024-10-05T15:22:12.313-0400][gc,heap       ] GC(12) Old regions: 17->18
[2024-10-05T15:22:12.313-0400][gc,heap       ] GC(12) Archive regions: 0->0
[2024-10-05T15:22:12.313-0400][gc,heap       ] GC(12) Humongous regions: 129->129
[2024-10-05T15:22:12.313-0400][gc,metaspace  ] GC(12) Metaspace: 51066K(54016K)->51066K(54016K) NonClass: 44770K(46336K)->44770K(46336K) Class: 6295K(7680K)->6295K(7680K)
[2024-10-05T15:22:12.313-0400][gc            ] GC(12) Pause Young (Normal) (G1 Evacuation Pause) 203M->149M(1024M) 10.037ms
[2024-10-05T15:22:12.313-0400][gc,cpu        ] GC(12) User=0.03s Sys=0.01s Real=0.01s
[2024-10-05T19:35:22.939-0400][gc,start      ] GC(13) Pause Young (Normal) (G1 Evacuation Pause)
[2024-10-05T19:35:22.939-0400][gc,task       ] GC(13) Using 9 workers of 9 for evacuation
[2024-10-05T19:35:22.946-0400][gc,phases     ] GC(13)   Pre Evacuate Collection Set: 0.1ms
[2024-10-05T19:35:22.946-0400][gc,phases     ] GC(13)   Evacuate Collection Set: 4.9ms
[2024-10-05T19:35:22.946-0400][gc,phases     ] GC(13)   Post Evacuate Collection Set: 1.1ms
[2024-10-05T19:35:22.946-0400][gc,phases     ] GC(13)   Other: 1.6ms
[2024-10-05T19:35:22.946-0400][gc,heap       ] GC(13) Eden regions: 503->0(467)
[2024-10-05T19:35:22.946-0400][gc,heap       ] GC(13) Survivor regions: 4->5(64)
[2024-10-05T19:35:22.946-0400][gc,heap       ] GC(13) Old regions: 18->18
[2024-10-05T19:35:22.946-0400][gc,heap       ] GC(13) Archive regions: 0->0
[2024-10-05T19:35:22.946-0400][gc,heap       ] GC(13) Humongous regions: 129->129
[2024-10-05T19:35:22.946-0400][gc,metaspace  ] GC(13) Metaspace: 51632K(54528K)->51632K(54528K) NonClass: 45277K(46848K)->45277K(46848K) Class: 6354K(7680K)->6354K(7680K)
[2024-10-05T19:35:22.946-0400][gc            ] GC(13) Pause Young (Normal) (G1 Evacuation Pause) 652M->150M(1024M) 7.902ms
[2024-10-05T19:35:22.946-0400][gc,cpu        ] GC(13) User=0.02s Sys=0.02s Real=0.01s
[2024-10-05T21:46:39.096-0400][gc,start      ] GC(14) Pause Young (Normal) (G1 Evacuation Pause)
[2024-10-05T21:46:39.098-0400][gc,task       ] GC(14) Using 9 workers of 9 for evacuation
[2024-10-05T21:46:39.106-0400][gc,phases     ] GC(14)   Pre Evacuate Collection Set: 0.3ms
[2024-10-05T21:46:39.106-0400][gc,phases     ] GC(14)   Evacuate Collection Set: 6.4ms
[2024-10-05T21:46:39.106-0400][gc,phases     ] GC(14)   Post Evacuate Collection Set: 1.0ms
[2024-10-05T21:46:39.106-0400][gc,phases     ] GC(14)   Other: 2.1ms
[2024-10-05T21:46:39.106-0400][gc,heap       ] GC(14) Eden regions: 467->0(610)
[2024-10-05T21:46:39.106-0400][gc,heap       ] GC(14) Survivor regions: 5->4(59)
[2024-10-05T21:46:39.106-0400][gc,heap       ] GC(14) Old regions: 18->18
[2024-10-05T21:46:39.107-0400][gc,heap       ] GC(14) Archive regions: 0->0
[2024-10-05T21:46:39.107-0400][gc,heap       ] GC(14) Humongous regions: 129->129
[2024-10-05T21:46:39.107-0400][gc,metaspace  ] GC(14) Metaspace: 51672K(54528K)->51672K(54528K) NonClass: 45318K(46848K)->45318K(46848K) Class: 6354K(7680K)->6354K(7680K)
[2024-10-05T21:46:39.107-0400][gc            ] GC(14) Pause Young (Normal) (G1 Evacuation Pause) 617M->149M(1024M) 10.096ms
[2024-10-05T21:46:39.107-0400][gc,cpu        ] GC(14) User=0.02s Sys=0.01s Real=0.01s
