[2024-10-05T12:40:15.603-0400][gc,heap] Heap region size: 1M
[2024-10-05T12:40:15.604-0400][gc     ] Using G1
[2024-10-05T12:40:15.604-0400][gc,heap,coops] Heap address: 0x00000007a0000000, size: 512 MB, Compressed Oops mode: Zero based, Oop shift amount: 3
[2024-10-05T12:40:16.059-0400][gc,start     ] GC(0) Pause Young (Normal) (G1 Evacuation Pause)
[2024-10-05T12:40:16.060-0400][gc,task      ] GC(0) Using 9 workers of 9 for evacuation
[2024-10-05T12:40:16.062-0400][gc,phases    ] GC(0)   Pre Evacuate Collection Set: 0.0ms
[2024-10-05T12:40:16.062-0400][gc,phases    ] GC(0)   Evacuate Collection Set: 2.5ms
[2024-10-05T12:40:16.062-0400][gc,phases    ] GC(0)   Post Evacuate Collection Set: 0.1ms
[2024-10-05T12:40:16.062-0400][gc,phases    ] GC(0)   Other: 0.5ms
[2024-10-05T12:40:16.062-0400][gc,heap      ] GC(0) Eden regions: 25->0(21)
[2024-10-05T12:40:16.062-0400][gc,heap      ] GC(0) Survivor regions: 0->4(4)
[2024-10-05T12:40:16.062-0400][gc,heap      ] GC(0) Old regions: 0->4
[2024-10-05T12:40:16.062-0400][gc,heap      ] GC(0) Archive regions: 0->0
[2024-10-05T12:40:16.062-0400][gc,heap      ] GC(0) Humongous regions: 0->0
[2024-10-05T12:40:16.062-0400][gc,metaspace ] GC(0) Metaspace: 14190K(14720K)->14190K(14720K) NonClass: 12753K(13056K)->12753K(13056K) Class: 1437K(1664K)->1437K(1664K)
[2024-10-05T12:40:16.062-0400][gc           ] GC(0) Pause Young (Normal) (G1 Evacuation Pause) 25M->7M(512M) 3.081ms
[2024-10-05T12:40:16.062-0400][gc,cpu       ] GC(0) User=0.02s Sys=0.01s Real=0.01s
