[2024-10-05T14:03:23.481-0400][gc,heap] Heap region size: 1M
[2024-10-05T14:03:23.482-0400][gc     ] Using G1
[2024-10-05T14:03:23.482-0400][gc,heap,coops] Heap address: 0x00000007a0000000, size: 512 MB, Compressed Oops mode: Zero based, Oop shift amount: 3
[2024-10-05T14:03:23.767-0400][gc,start     ] GC(0) Pause Young (Normal) (G1 Evacuation Pause)
[2024-10-05T14:03:23.767-0400][gc,task      ] GC(0) Using 9 workers of 9 for evacuation
[2024-10-05T14:03:23.770-0400][gc,phases    ] GC(0)   Pre Evacuate Collection Set: 0.0ms
[2024-10-05T14:03:23.770-0400][gc,phases    ] GC(0)   Evacuate Collection Set: 2.5ms
[2024-10-05T14:03:23.770-0400][gc,phases    ] GC(0)   Post Evacuate Collection Set: 0.2ms
[2024-10-05T14:03:23.770-0400][gc,phases    ] GC(0)   Other: 0.2ms
[2024-10-05T14:03:23.770-0400][gc,heap      ] GC(0) Eden regions: 25->0(21)
[2024-10-05T14:03:23.770-0400][gc,heap      ] GC(0) Survivor regions: 0->4(4)
[2024-10-05T14:03:23.770-0400][gc,heap      ] GC(0) Old regions: 0->5
[2024-10-05T14:03:23.770-0400][gc,heap      ] GC(0) Archive regions: 0->0
[2024-10-05T14:03:23.770-0400][gc,heap      ] GC(0) Humongous regions: 0->0
[2024-10-05T14:03:23.770-0400][gc,metaspace ] GC(0) Metaspace: 14181K(14720K)->14181K(14720K) NonClass: 12746K(13056K)->12746K(13056K) Class: 1434K(1664K)->1434K(1664K)
[2024-10-05T14:03:23.770-0400][gc           ] GC(0) Pause Young (Normal) (G1 Evacuation Pause) 25M->8M(512M) 2.962ms
[2024-10-05T14:03:23.770-0400][gc,cpu       ] GC(0) User=0.02s Sys=0.00s Real=0.01s
[2024-10-05T14:03:23.777-0400][gc,heap,exit ] Heap
[2024-10-05T14:03:23.777-0400][gc,heap,exit ]  garbage-first heap   total 524288K, used 9316K [0x00000007a0000000, 0x00000007c0000000)
[2024-10-05T14:03:23.777-0400][gc,heap,exit ]   region size 1024K, 6 young (6144K), 4 survivors (4096K)
[2024-10-05T14:03:23.777-0400][gc,heap,exit ]  Metaspace       used 14437K, capacity 14748K, committed 14976K, reserved 1062912K
[2024-10-05T14:03:23.777-0400][gc,heap,exit ]   class space    used 1469K, capacity 1576K, committed 1664K, reserved 1048576K
