[2024-10-05T11:14:31.038-0400][gc,heap] Heap region size: 1M
[2024-10-05T11:14:31.039-0400][gc     ] Using G1
[2024-10-05T11:14:31.039-0400][gc,heap,coops] Heap address: 0x00000007a0000000, size: 512 MB, Compressed Oops mode: Zero based, Oop shift amount: 3
[2024-10-05T11:14:31.255-0400][gc,start     ] GC(0) Pause Young (Normal) (G1 Evacuation Pause)
[2024-10-05T11:14:31.255-0400][gc,task      ] GC(0) Using 9 workers of 9 for evacuation
[2024-10-05T11:14:31.258-0400][gc,phases    ] GC(0)   Pre Evacuate Collection Set: 0.0ms
[2024-10-05T11:14:31.258-0400][gc,phases    ] GC(0)   Evacuate Collection Set: 2.7ms
[2024-10-05T11:14:31.258-0400][gc,phases    ] GC(0)   Post Evacuate Collection Set: 0.2ms
[2024-10-05T11:14:31.258-0400][gc,phases    ] GC(0)   Other: 0.2ms
[2024-10-05T11:14:31.258-0400][gc,heap      ] GC(0) Eden regions: 25->0(21)
[2024-10-05T11:14:31.258-0400][gc,heap      ] GC(0) Survivor regions: 0->4(4)
[2024-10-05T11:14:31.258-0400][gc,heap      ] GC(0) Old regions: 0->5
[2024-10-05T11:14:31.258-0400][gc,heap      ] GC(0) Archive regions: 0->0
[2024-10-05T11:14:31.258-0400][gc,heap      ] GC(0) Humongous regions: 0->0
[2024-10-05T11:14:31.258-0400][gc,metaspace ] GC(0) Metaspace: 14166K(14720K)->14166K(14720K) NonClass: 12731K(13056K)->12731K(13056K) Class: 1434K(1664K)->1434K(1664K)
[2024-10-05T11:14:31.258-0400][gc           ] GC(0) Pause Young (Normal) (G1 Evacuation Pause) 25M->8M(512M) 3.121ms
[2024-10-05T11:14:31.258-0400][gc,cpu       ] GC(0) User=0.02s Sys=0.00s Real=0.00s
[2024-10-05T11:25:15.319-0400][gc,heap,exit ] Heap
[2024-10-05T11:25:15.319-0400][gc,heap,exit ]  garbage-first heap   total 524288K, used 25638K [0x00000007a0000000, 0x00000007c0000000)
[2024-10-05T11:25:15.319-0400][gc,heap,exit ]   region size 1024K, 22 young (22528K), 4 survivors (4096K)
[2024-10-05T11:25:15.319-0400][gc,heap,exit ]  Metaspace       used 16243K, capacity 16574K, committed 16640K, reserved 1064960K
[2024-10-05T11:25:15.319-0400][gc,heap,exit ]   class space    used 1647K, capacity 1782K, committed 1792K, reserved 1048576K
