[2024-10-05T14:13:40.921-0400][gc,heap] Heap region size: 1M
[2024-10-05T14:13:40.921-0400][gc     ] Using G1
[2024-10-05T14:13:40.921-0400][gc,heap,coops] Heap address: 0x00000007a0000000, size: 512 MB, Compressed Oops mode: Zero based, Oop shift amount: 3
[2024-10-05T14:13:41.199-0400][gc,start     ] GC(0) Pause Young (Normal) (G1 Evacuation Pause)
[2024-10-05T14:13:41.199-0400][gc,task      ] GC(0) Using 9 workers of 9 for evacuation
[2024-10-05T14:13:41.202-0400][gc,phases    ] GC(0)   Pre Evacuate Collection Set: 0.0ms
[2024-10-05T14:13:41.202-0400][gc,phases    ] GC(0)   Evacuate Collection Set: 3.0ms
[2024-10-05T14:13:41.202-0400][gc,phases    ] GC(0)   Post Evacuate Collection Set: 0.1ms
[2024-10-05T14:13:41.202-0400][gc,phases    ] GC(0)   Other: 0.4ms
[2024-10-05T14:13:41.202-0400][gc,heap      ] GC(0) Eden regions: 25->0(21)
[2024-10-05T14:13:41.202-0400][gc,heap      ] GC(0) Survivor regions: 0->4(4)
[2024-10-05T14:13:41.202-0400][gc,heap      ] GC(0) Old regions: 0->5
[2024-10-05T14:13:41.202-0400][gc,heap      ] GC(0) Archive regions: 0->0
[2024-10-05T14:13:41.202-0400][gc,heap      ] GC(0) Humongous regions: 0->0
[2024-10-05T14:13:41.202-0400][gc,metaspace ] GC(0) Metaspace: 14166K(14720K)->14166K(14720K) NonClass: 12731K(13056K)->12731K(13056K) Class: 1434K(1664K)->1434K(1664K)
[2024-10-05T14:13:41.202-0400][gc           ] GC(0) Pause Young (Normal) (G1 Evacuation Pause) 25M->8M(512M) 3.525ms
[2024-10-05T14:13:41.202-0400][gc,cpu       ] GC(0) User=0.03s Sys=0.00s Real=0.01s
