[2024-10-05T11:25:55.546-0400][gc,heap] Heap region size: 1M
[2024-10-05T11:25:55.547-0400][gc     ] Using G1
[2024-10-05T11:25:55.547-0400][gc,heap,coops] Heap address: 0x00000007a0000000, size: 512 MB, Compressed Oops mode: Zero based, Oop shift amount: 3
[2024-10-05T11:25:55.745-0400][gc,start     ] GC(0) Pause Young (Normal) (G1 Evacuation Pause)
[2024-10-05T11:25:55.745-0400][gc,task      ] GC(0) Using 9 workers of 9 for evacuation
[2024-10-05T11:25:55.748-0400][gc,phases    ] GC(0)   Pre Evacuate Collection Set: 0.0ms
[2024-10-05T11:25:55.748-0400][gc,phases    ] GC(0)   Evacuate Collection Set: 2.7ms
[2024-10-05T11:25:55.748-0400][gc,phases    ] GC(0)   Post Evacuate Collection Set: 0.1ms
[2024-10-05T11:25:55.748-0400][gc,phases    ] GC(0)   Other: 0.2ms
[2024-10-05T11:25:55.748-0400][gc,heap      ] GC(0) Eden regions: 25->0(21)
[2024-10-05T11:25:55.748-0400][gc,heap      ] GC(0) Survivor regions: 0->4(4)
[2024-10-05T11:25:55.748-0400][gc,heap      ] GC(0) Old regions: 0->4
[2024-10-05T11:25:55.748-0400][gc,heap      ] GC(0) Archive regions: 0->0
[2024-10-05T11:25:55.748-0400][gc,heap      ] GC(0) Humongous regions: 0->0
[2024-10-05T11:25:55.748-0400][gc,metaspace ] GC(0) Metaspace: 14146K(14592K)->14146K(14592K) NonClass: 12713K(13056K)->12713K(13056K) Class: 1432K(1536K)->1432K(1536K)
[2024-10-05T11:25:55.748-0400][gc           ] GC(0) Pause Young (Normal) (G1 Evacuation Pause) 25M->7M(512M) 3.148ms
[2024-10-05T11:25:55.748-0400][gc,cpu       ] GC(0) User=0.02s Sys=0.01s Real=0.00s
[2024-10-05T12:32:48.198-0400][gc,heap,exit ] Heap
[2024-10-05T12:32:48.199-0400][gc,heap,exit ]  garbage-first heap   total 524288K, used 28650K [0x00000007a0000000, 0x00000007c0000000)
[2024-10-05T12:32:48.199-0400][gc,heap,exit ]   region size 1024K, 25 young (25600K), 4 survivors (4096K)
[2024-10-05T12:32:48.199-0400][gc,heap,exit ]  Metaspace       used 16454K, capacity 16761K, committed 16896K, reserved 1064960K
[2024-10-05T12:32:48.199-0400][gc,heap,exit ]   class space    used 1641K, capacity 1782K, committed 1792K, reserved 1048576K
